61
61
33
61
33
33
61
33
55
55
10
55
10
55
10
10
7
7
7
7
55
55
55
55
60
60
60
4
60
62
4
4
62
62
4
22
62
22
22
22
31
31
31
62
31
62
62
62
61
61
61
2
61
2
2
2
56
56
56
63
56
63
63
63
63
63
63
63
62
62
62
14
62
14
14
14
23
23
23
23
2
2
2
2
60
60
60
60
7
7
60
7
60
7
60
60
60
60
60
60
24
24
24
24
13
13
13
62
62
62
13
62
62
62
62
62
62
62
62
62
16
16
16
16
32
32
32
32
62
62
62
62
6
6
6
6
21
21
21
6
6
21
6
6
4
4
4
4
21
21
21
21
30
30
30
30
34
34
34
34
35
35
35
35
63
63
63
63
52
52
52
52
2
2
2
2
14
14
14
14
1
1
1
1
59
59
59
59
7
7
7
7
55
55
55
55
6
6
6
6
16
16
16
16
45
45
45
45
39
39
39
39
61
61
61
61
62
62
62
62
6
60
6
6
6
60
60
60
0
0
0
0
6
6
6
6
7
7
7
7
39
39
39
39
59
59
59
59
5
5
5
11
5
11
11
11
60
60
60
60
7
7
7
7
7
7
7
7
39
39
39
39
55
55
55
55
32
32
32
32
15
15
15
15
62
62
62
62
7
7
7
7
6
6
62
62
6
6
62
62
6
6
6
6
16
16
16
16
36
36
36
36
61
61
61
61
62
62
60
62
60
62
60
60
4
4
4
4
7
7
7
7
63
63
63
63
11
11
11
11
4
4
4
4
31
31
31
31
15
15
15
31
15
31
31
31
47
47
47
47
6
6
6
6
63
63
63
63
63
63
63
63
21
21
21
21
7
7
7
7
25
25
25
25
60
60
60
60
7
7
7
7
21
21
21
21
31
31
31
31
62
62
62
5
5
62
5
5
61
61
61
61
54
54
54
54
23
23
23
6
23
6
6
6
1
1
1
1
47
47
47
47
21
21
21
3
21
3
7
7
3
3
7
7
47
47
62
47
47
62
62
62
62
35
62
35
62
62
35
35
5
5
5
5
11
11
11
11
2
2
2
2
61
61
61
61
22
22
22
22
23
23
23
23
29
29
29
29
16
16
16
16
62
62
62
62
62
62
62
62
62
62
62
62
5
5
5
5
4
4
4
2
4
2
2
2
62
62
62
62
60
60
60
60
4
4
4
4
30
30
30
30
62
62
62
62
41
41
41
41
31
31
31
31
23
23
23
23
60
60
60
60
31
31
31
31
20
20
20
20
62
62
62
62
7
7
7
7
1
1
1
1
32
32
32
32
5
5
5
5
7
7
7
7
59
59
59
59
55
55
55
55
15
15
6
6
15
15
6
6
6
6
6
6
60
60
60
60
0
0
0
0
22
22
22
22
63
63
63
63
4
4
4
4
62
62
62
17
17
17
62
52
52
17
52
62
62
52
62
62
51
51
51
51
63
63
63
63
60
60
60
60
6
6
7
6
6
7
7
7
62
62
62
62
61
6
61
61
6
6
61
6
6
6
6
6
5
5
6
5
5
6
6
6
16
16
62
16
62
16
62
62
62
62
62
62
62
52
62
62
52
52
62
52
7
7
7
60
7
60
60
2
60
2
2
2
6
6
6
43
6
43
43
43
63
63
63
63
16
16
16
16
7
7
7
7
39
39
39
39
43
43
43
43
62
62
62
62
47
47
47
47
6
6
6
6
62
62
6
6
62
62
6
6
5
5
5
5
59
59
59
59
59
59
6
6
59
59
6
6
1
1
1
1
4
4
11
11
4
4
11
11
59
59
62
62
59
59
62
62
5
5
5
5
61
61
61
61
4
4
4
4
59
59
55
55
59
59
55
55
47
47
40
47
40
47
40
40
7
7
7
7
46
46
46
46
1
1
1
1
55
55
3
55
55
3
3
3
31
31
31
23
31
23
23
62
23
62
62
62
55
7
55
55
55
7
7
7
33
33
33
33
12
12
12
12
62
62
62
5
62
5
5
5
0
0
0
0
7
7
7
7
6
6
6
6
51
51
51
62
51
62
62
62
23
23
23
23
0
0
0
0
40
40
40
40
5
5
5
5
3
3
61
3
61
3
61
61
24
24
24
24
15
15
15
59
15
59
59
59
34
34
34
34
5
5
5
5
4
4
4
4
55
55
60
55
55
60
8
60
60
8
8
8
23
23
23
23
61
61
61
61
0
0
0
0
59
59
59
59
35
35
4
4
35
35
4
6
4
6
6
6
7
7
39
39
7
7
39
39
6
6
59
59
6
6
59
59
59
59
59
59
62
62
62
62
62
62
10
10
62
62
10
41
41
10
41
41
52
52
55
52
55
47
52
47
55
47
55
47
6
6
62
62
6
62
6
7
62
7
7
49
7
49
49
59
49
59
59
59
62
62
62
61
62
61
62
62
61
62
6
61
6
62
6
6
62
62
62
62
44
44
44
44
20
23
20
23
40
20
52
23
40
52
38
20
40
52
23
38
40
38
52
6
38
15
6
4
6
15
4
15
4
6
15
4
62
62
62
62
61
61
61
61
6
6
6
6
2
2
2
2
63
63
63
24
24
24
7
7
7
3
63
3
3
62
62
62
24
7
45
45
45
3
62
45
1
1
1
1
58
58
58
62
62
62
6
6
6
52
52
58
52
62
5
5
5
6
52
7
7
7
5
7
5
5
5
5
6
6
6
6
57
57
57
57
56
56
56
16
16
16
56
16
5
5
5
5
61
61
33
61
33
33
61
33
55
55
55
10
10
10
55
10
7
7
7
7
55
55
55
55
60
60
60
4
62
4
60
4
62
62
22
4
62
22
22
22
31
31
31
62
62
62
31
62
61
61
61
2
2
2
61
56
2
56
56
63
63
56
63
63
63
63
63
63
62
62
62
14
14
14
62
14
23
23
23
23
2
2
2
2
60
60
60
60
7
7
7
60
60
60
7
60
60
60
60
60
24
24
24
24
13
13
62
13
62
62
13
62
62
62
62
62
62
62
62
62
16
16
16
16
32
32
32
32
62
62
62
62
6
6
6
6
21
21
6
6
21
6
21
6
4
4
4
4
21
21
21
21
30
30
30
34
34
34
35
35
30
35
34
35
63
63
63
63
52
52
52
52
2
14
2
2
14
2
14
1
14
59
1
1
1
59
7
59
59
7
7
7
55
6
55
55
6
55
6
6
16
16
45
16
16
45
45
45
39
39
39
39
61
61
62
61
61
62
6
60
62
62
6
60
6
6
60
60
0
0
0
0
6
6
6
6
7
7
7
39
7
39
39
39
59
59
59
59
5
11
5
5
11
5
11
11
60
60
60
60
7
7
7
7
7
39
7
7
7
39
39
39
55
32
55
55
55
32
32
32
15
15
15
15
62
62
62
62
7
7
7
6
7
62
6
6
6
62
62
6
6
6
62
6
16
16
16
16
36
36
36
36
61
61
61
61
62
60
62
62
60
60
62
60
4
4
4
4
7
7
7
7
63
63
63
63
11
11
11
4
11
4
4
4
31
31
31
31
15
15
31
31
15
15
31
31
47
47
47
6
6
47
6
6
63
63
63
63
63
63
63
21
63
21
21
21
7
7
7
25
25
7
25
25
60
60
60
60
7
7
7
7
21
21
21
21
31
31
31
31
62
62
5
5
62
62
5
5
61
61
61
61
54
54
54
54
23
23
6
23
6
23
6
6
1
1
1
1
47
47
47
47
21
21
3
3
21
21
3
3
7
7
7
7
47
47
47
47
62
62
62
62
62
62
35
35
62
62
35
35
5
5
5
5
11
11
11
11
2
2
2
61
2
61
61
22
61
22
22
22
23
23
23
29
23
29
29
29
16
16
62
16
16
62
62
62
62
62
62
62
62
62
5
62
62
5
5
4
5
2
4
2
4
4
2
2
62
62
62
62
60
60
60
4
4
4
60
4
30
30
30
30
62
62
62
62
41
41
41
31
31
41
31
31
23
23
23
23
60
60
60
60
31
31
31
31
20
20
20
20
62
62
62
62
7
7
7
1
1
1
7
1
32
32
32
5
5
32
5
7
7
5
7
7
59
59
59
59
55
55
55
55
15
15
6
15
6
6
15
6
6
6
6
6
60
60
0
60
0
60
0
22
0
22
22
22
63
63
63
63
4
4
4
4
62
17
62
62
17
17
52
62
52
17
52
62
62
62
52
62
51
51
51
51
63
63
63
63
60
60
60
60
6
6
6
7
7
7
6
7
62
62
62
62
61
61
61
6
6
6
6
6
61
6
6
6
5
5
5
6
6
6
5
6
16
16
16
62
62
62
16
62
62
62
62
62
62
52
52
62
62
52
62
52
7
7
7
60
60
60
7
2
2
60
2
2
6
6
6
43
43
43
6
43
63
63
63
63
16
16
16
16
7
7
7
7
39
39
39
43
39
43
43
43
62
62
62
62
47
47
47
6
6
47
6
62
6
62
62
6
6
6
62
6
5
5
5
5
59
59
59
59
59
59
59
6
6
6
59
6
1
1
1
1
4
4
4
11
11
11
59
59
4
59
62
11
62
62
59
62
5
5
5
5
61
61
61
61
4
4
4
59
59
59
4
55
55
55
59
55
47
47
47
40
40
40
47
40
7
7
7
46
7
46
46
46
1
1
1
1
55
55
55
3
3
3
55
3
31
31
31
23
23
23
62
31
62
62
23
55
62
55
7
55
7
7
55
33
7
33
33
33
61
33
55
10
7
55
60
4
62
22
31
62
61
2
56
63
63
62
14
23
2
60
7
60
60
24
13
62
62
62
16
32
62
6
21
6
4
21
30
34
35
63
52
2
14
1
59
7
55
6
16
45
39
61
62
6
60
0
6
7
39
59
5
11
60
7
7
39
55
32
15
62
7
6
62
6
16
36
61
62
60
4
7
63
11
4
31
15
31
47
6
63
63
21
7
25
60
7
21
31
62
5
61
54
23
6
1
47
21
3
7
47
62
62
35
5
11
2
61
22
23
29
16
62
62
62
5
4
2
62
60
4
30
62
41
31
23
60
31
20
62
7
1
32
5
7
59
55
15
6
6
60
0
22
63
4
62
17
52
62
51
63
60
6
7
62
61
6
6
5
6
16
62
62
62
52
7
60
2
6
43
63
16
7
39
43
62
47
6
62
6
5
59
59
6
1
4
11
59
62
5
61
4
59
55
47
40
7
46
1
55
3
31
23
62
55
7
33
12
62
5
0
7
6
51
62
23
0
40
5
3
61
24
15
59
34
5
4
55
60
8
23
61
0
59
35
4
6
7
39
6
59
59
62
62
10
41
52
55
47
6
62
7
49
59
62
61
62
6
62
44
20
23
40
52
38
6
15
4
62
61
6
2
63
24
7
3
62
45
1
58
62
6
52
5
7
5
6
57
56
16
5
61
33
55
10
7
55
60
4
62
22
31
62
61
2
56
63
63
62
14
23
2
60
7
60
60
24
13
62
62
62
16
32
62
6
21
6
4
21
30
34
35
63
52
2
14
1
59
7
55
6
16
45
39
61
62
6
60
0
6
7
39
59
5
11
60
7
7
39
55
32
15
62
7
6
62
6
16
36
61
62
60
4
7
63
11
4
31
15
31
47
6
63
63
21
7
25
60
7
21
31
62
5
61
54
23
6
1
47
21
3
7
47
62
62
35
5
11
2
61
22
23
29
16
62
62
62
5
4
2
62
60
4
30
62
41
31
23
60
31
20
62
7
1
32
5
7
59
55
15
6
6
60
0
22
63
4
62
17
52
62
51
63
60
6
7
62
61
6
6
5
6
16
62
62
62
52
7
60
2
6
43
63
16
7
39
43
62
47
6
62
6
5
59
59
6
1
4
11
59
62
5
61
4
59
55
47
40
7
46
1
55
3
31
23
62
55
7
33
12
62
5
0
7
6
51
62
23
0
40
5
3
61
24
15
59
34
5
4
55
60
8
23
61
0
59
35
4
6
7
39
6
59
59
62
62
10
41
52
55
47
6
62
7
49
59
62
61
62
6
62
44
20
23
40
52
38
6
15
4
62
61
6
2
63
24
7
3
62
45
1
58
62
6
52
5
7
5
6
57
56
16
5
61
33
55
10
7
55
60
4
62
22
31
62
61
2
56
63
63
62
14
23
2
60
7
60
60
24
13
62
62
62
16
32
62
6
21
6
4
21
30
34
35
63
52
2
14
1
59
7
55
6
16
45
39
61
62
6
60
0
6
7
39
59
5
11
60
7
7
39
55
32
15
62
7
6
62
6
16
36
61
62
60
4
7
63
11
4
31
15
31
47
6
63
63
21
7
25
60
7
21
31
62
5
61
54
23
6
1
47
21
3
7
47
62
62
35
5
11
2
61
22
23
29
16
62
62
62
5
4
2
62
60
4
30
62
41
31
23
60
31
20
62
7
1
32
5
7
59
55
15
6
6
60
0
22
63
4
62
17
52
62
51
63
60
6
7
62
61
6
6
5
6
16
62
62
62
52
7
60
2
6
43
63
16
7
39
43
62
47
6
62
6
5
59
59
6
1
4
11
59
62
5
61
4
59
55
47
40
7
46
1
55
3
31
23
62
55
7
33
12
62
5
0
7
6
51
62
23
0
40
5
3
61
24
15
59
34
5
4
55
60
8
23
61
0
59
35
4
6
7
39
6
59
59
62
62
10
41
52
55
47
6
62
7
49
59
62
61
62
6
62
44
20
23
40
52
38
6
15
4
62
61
6
2
63
24
7
3
62
45
1
58
62
6
52
5
7
5
6
57
56
16
5
61
33
55
10
7
55
60
4
62
22
31
62
61
2
56
63
63
62
14
23
2
60
7
60
60
24
13
62
62
62
16
32
62
6
21
6
4
21
30
34
35
63
52
2
14
1
59
7
55
6
16
45
39
61
62
6
60
0
6
7
39
59
5
11
60
7
7
39
55
32
15
62
7
6
62
6
16
36
61
62
60
4
7
63
11
4
31
15
31
47
6
63
63
21
7
25
60
7
21
31
62
5
61
54
23
6
1
47
21
3
7
47
62
62
35
5
11
2
61
22
23
29
16
62
62
62
5
4
2
62
60
4
30
62
41
31
23
60
31
20
62
7
1
32
5
7
59
55
15
6
6
60
0
22
63
4
62
17
52
62
51
63
60
6
7
62
61
6
6
5
6
16
62
62
62
52
7
60
2
6
43
63
16
7
39
43
62
47
6
62
6
5
59
59
6
1
4
11
59
62
5
61
4
59
55
47
40
7
46
1
55
3
31
23
62
55
7
33
12
62
5
0
7
6
51
62
23
0
40
5
3
61
24
15
59
34
5
4
55
60
8
23
61
0
59
35
4
6
7
39
6
59
59
62
62
10
41
52
55
47
6
62
7
49
59
62
61
62
6
62
44
20
23
40
52
38
6
15
4
62
61
6
2
63
24
7
3
62
45
1
58
62
6
52
5
7
5
6
57
56
16
5
61
33
55
10
7
55
60
4
62
22
31
62
61
2
56
63
63
62
14
23
2
60
7
60
60
24
13
62
62
62
16
32
62
6
21
6
4
21
30
34
35
63
52
2
14
1
59
7
55
6
16
45
39
61
62
6
60
0
6
7
39
59
5
11
60
7
7
39
55
32
15
62
7
6
62
6
16
36
61
62
60
4
7
63
11
4
31
15
31
47
6
63
63
21
7
25
60
7
21
31
62
5
61
54
23
6
1
47
21
3
7
47
62
62
35
5
11
2
61
22
23
29
16
62
62
62
5
4
2
62
60
4
30
62
41
31
23
60
31
20
62
7
1
32
5
7
59
55
15
6
6
60
0
22
63
4
62
17
52
62
51
63
60
6
7
62
61
6
6
5
6
16
62
62
62
52
7
60
2
6
43
63
16
7
39
43
62
47
6
62
6
5
59
59
6
1
4
11
59
62
5
61
4
59
55
47
40
7
46
1
55
3
31
23
62
55
7
33
12
62
5
0
7
6
51
62
23
0
40
5
3
61
24
15
59
34
5
4
55
60
8
23
61
0
59
35
4
6
7
39
6
59
59
62
62
10
41
52
55
47
6
62
7
49
59
62
61
62
6
62
44
20
23
40
52
38
6
15
4
62
61
6
2
63
24
7
3
62
45
1
58
62
6
52
5
7
5
6
57
56
16
5
61
33
55
10
7
55
60
4
62
22
31
62
61
2
56
63
63
62
14
23
2
60
7
60
60
24
13
62
62
62
16
32
62
6
21
6
4
21
30
34
35
63
52
2
14
1
59
7
55
6
16
45
39
61
62
6
60
0
6
7
39
59
5
11
60
7
7
39
55
32
15
62
7
6
62
6
16
36
61
62
60
4
7
63
11
4
31
15
31
47
6
63
63
21
7
25
60
7
21
31
62
5
61
54
23
6
1
47
21
3
7
47
62
62
35
5
11
2
61
22
23
29
16
62
62
62
5
4
2
62
60
4
30
62
41
31
23
60
31
20
62
7
1
32
5
7
59
55
15
6
6
60
0
22
63
4
62
17
52
62
51
63
60
6
7
62
61
6
6
5
6
16
62
62
62
52
7
60
2
6
43
63
16
7
39
43
62
47
6
62
6
5
59
59
6
1
4
11
59
62
5
61
4
59
55
47
40
7
46
1
55
3
31
23
62
55
7
33
12
62
5
0
7
6
51
62
23
0
40
5
3
61
24
15
59
34
5
4
55
60
8
23
61
0
59
35
4
6
7
39
6
59
59
62
62
10
41
52
55
47
6
62
7
49
59
62
61
62
6
62
44
20
23
40
52
38
6
15
4
62
61
6
2
63
24
7
3
62
45
1
58
62
6
52
5
7
5
6
57
56
16
5
61
33
55
10
7
55
60
4
62
22
31
62
61
2
56
63
63
62
14
23
2
60
7
60
60
24
13
62
62
62
16
32
62
6
21
6
4
21
30
34
35
63
52
2
14
1
59
7
55
6
16
45
39
61
62
6
60
0
6
7
39
59
5
11
60
7
7
39
55
32
15
62
7
6
62
6
16
36
61
62
60
4
7
63
11
4
31
15
31
47
6
63
63
21
7
25
60
7
21
31
62
5
61
54
23
6
1
47
21
3
7
47
62
62
35
5
11
2
61
22
23
29
16
62
62
62
5
4
2
62
60
4
30
62
41
31
23
60
31
20
62
7
1
32
5
7
59
55
15
6
6
60
0
22
63
4
62
17
52
62
51
63
60
6
7
62
61
6
6
5
6
16
62
62
62
52
7
60
2
6
43
63
16
7
39
43
62
47
6
62
6
5
59
59
6
1
4
11
59
62
5
61
4
59
55
47
40
7
46
1
55
3
31
23
62
55
7
33
12
62
5
0
7
6
51
62
23
0
40
5
3
61
24
15
59
34
5
4
55
60
8
23
61
0
59
35
4
6
7
39
6
59
59
62
62
10
41
52
55
47
6
62
7
49
59
62
61
62
6
62
44
20
23
40
52
38
6
15
4
62
61
6
2
63
24
7
3
62
45
1
58
62
6
52
5
7
5
6
57
56
16
5
61
33
55
10
7
55
60
4
62
22
31
62
61
2
56
63
63
62
14
23
2
60
7
60
60
24
13
62
62
62
16
32
62
6
21
6
4
21
30
34
35
63
52
2
14
1
59
7
55
6
16
45
39
61
62
6
60
0
6
7
39
59
5
11
60
7
7
39
55
32
15
62
7
6
62
6
16
36
61
62
60
4
7
63
11
4
31
15
31
47
6
63
63
21
7
25
60
7
21
31
62
5
61
54
23
6
1
47
21
3
7
47
62
62
35
5
11
2
61
22
23
29
16
62
62
62
5
4
2
62
60
4
30
62
41
31
23
60
31
20
62
7
1
32
5
7
59
55
15
6
6
60
0
22
63
4
62
17
52
62
51
63
60
6
7
62
61
6
6
5
6
16
62
62
62
52
7
60
2
6
43
63
16
7
39
43
62
47
6
62
6
5
59
59
6
1
4
11
59
62
5
61
4
59
55
47
40
7
46
1
55
3
31
23
62
55
7
33
12
62
5
0
7
6
51
62
23
0
40
5
3
61
24
15
59
34
5
4
55
60
8
23
61
0
59
35
4
6
7
39
6
59
59
62
62
10
41
52
55
47
6
62
7
49
59
62
61
62
6
62
44
20
23
40
52
38
6
15
4
62
61
6
2
63
24
7
3
62
45
1
58
62
6
52
5
7
5
6
57
56
16
5
61
33
55
10
7
55
60
4
62
22
31
62
61
2
56
63
63
62
14
23
2
60
7
60
60
24
13
62
62
62
16
32
62
6
21
6
4
21
30
34
35
63
52
2
14
1
59
7
55
6
16
45
39
61
62
6
60
0
6
7
39
59
5
11
60
7
7
39
55
32
15
62
7
6
62
6
16
36
61
62
60
4
7
63
11
4
31
15
31
47
6
63
63
21
7
25
60
7
21
31
62
5
61
54
23
6
1
47
21
3
7
47
62
62
35
5
11
2
61
22
23
29
16
62
62
62
5
4
2
62
60
4
30
62
41
31
23
60
31
20
62
7
1
32
5
7
59
55
15
6
6
60
0
22
63
4
62
17
52
62
51
63
60
6
7
62
61
6
6
5
6
16
62
62
62
52
7
60
2
6
43
63
16
7
39
43
62
47
6
62
6
5
59
59
6
1
4
11
59
62
5
61
4
59
55
47
40
7
46
1
55
3
31
23
62
55
7
33
12
62
5
0
7
6
51
62
23
0
40
5
3
61
24
15
59
34
5
4
55
60
8
23
61
0
59
35
4
6
7
39
6
59
59
62
62
10
41
52
55
47
6
62
7
49
59
62
61
62
6
62
44
20
23
40
52
38
6
15
4
62
61
6
2
63
24
7
3
62
45
1
58
62
6
52
5
7
5
6
57
56
16
5
61
33
55
10
7
55
60
4
62
22
31
62
61
2
56
63
63
62
14
23
2
60
7
60
60
24
13
62
62
62
16
32
62
6
21
6
4
21
30
34
35
63
52
2
14
1
59
7
55
6
16
45
39
61
62
6
60
0
6
7
39
59
5
11
60
7
7
39
55
32
15
62
7
6
62
6
16
36
61
62
60
4
7
63
11
4
31
15
31
47
6
63
63
21
7
25
60
7
21
31
62
5
61
54
23
6
1
47
21
3
7
47
62
62
35
5
11
2
61
22
23
29
16
62
62
62
5
4
2
62
60
4
30
62
41
31
23
60
31
20
62
7
1
32
5
7
59
55
15
6
6
60
0
22
63
4
62
17
52
62
51
63
60
6
7
62
61
6
6
5
6
16
62
62
62
52
7
60
2
6
43
63
16
7
39
43
62
47
6
62
6
5
59
59
6
1
4
11
59
62
5
61
4
59
55
47
40
7
46
1
55
3
31
23
62
55
7
33
12
62
5
0
7
6
51
62
23
0
40
5
3
61
24
15
59
34
5
4
55
60
8
23
61
0
59
35
4
6
7
39
6
59
59
62
62
10
41
52
55
47
6
62
7
49
59
62
61
62
6
62
44
20
23
40
52
38
6
15
4
62
61
6
2
63
24
7
3
62
45
1
58
62
6
52
5
7
5
6
57
56
16
5
61
33
55
10
7
55
60
4
62
22
31
62
61
2
56
63
63
62
14
23
2
60
7
60
60
24
13
62
62
62
16
32
62
6
21
6
4
21
30
34
35
63
52
2
14
1
59
7
55
6
16
45
39
61
62
6
60
0
6
7
39
59
5
11
60
7
7
39
55
32
15
62
7
6
62
6
16
36
61
62
60
4
7
63
11
4
31
15
31
47
6
63
63
21
7
25
60
7
21
31
62
5
61
54
23
6
1
47
21
3
7
47
62
62
35
5
11
2
61
22
23
29
16
62
62
62
5
4
2
62
60
4
30
62
41
31
23
60
31
20
62
7
1
32
5
7
59
55
15
6
6
60
0
22
63
4
62
17
52
62
51
63
60
6
7
62
61
6
6
5
6
16
62
62
62
52
7
60
2
6
43
63
16
7
39
43
62
47
6
62
6
5
59
59
6
1
4
11
59
62
5
61
4
59
55
47
40
7
46
1
55
3
31
23
62
55
7
33
12
62
5
0
7
6
51
62
23
0
40
5
3
61
24
15
59
34
5
4
55
60
8
23
61
0
59
35
4
6
7
39
6
59
59
62
62
10
41
52
55
47
6
62
7
49
59
62
61
62
6
62
44
20
23
40
52
38
6
15
4
62
61
6
2
63
24
7
3
62
45
1
58
62
6
52
5
7
5
6
57
56
16
5
61
33
55
10
7
55
60
4
62
22
31
62
61
2
56
63
63
62
14
23
2
60
7
60
60
24
13
62
62
62
16
32
62
6
21
6
4
21
30
34
35
63
52
2
14
1
59
7
55
6
16
45
39
61
62
6
60
0
6
7
39
59
5
11
60
7
7
39
55
32
15
62
7
6
62
6
16
36
61
62
60
4
7
63
11
4
31
15
31
47
6
63
63
21
7
25
60
7
21
31
62
5
61
54
23
6
1
47
21
3
7
47
62
62
35
5
11
2
61
22
23
29
16
62
62
62
5
4
2
62
60
4
30
62
41
31
23
60
31
20
62
7
1
32
5
7
59
55
15
6
6
60
0
22
63
4
62
17
52
62
51
63
60
6
7
62
61
6
6
5
6
16
62
62
62
52
7
60
2
6
43
63
16
7
39
43
62
47
6
62
6
5
59
59
6
1
4
11
59
62
5
61
4
59
55
47
40
7
46
1
55
3
31
23
62
55
7
33
12
62
5
0
7
6
51
62
23
0
40
5
3
61
24
15
59
34
5
4
55
60
8
23
61
0
59
35
4
6
7
39
6
59
59
62
62
10
41
52
55
47
6
62
7
49
59
62
61
62
6
62
44
20
23
40
52
38
6
15
4
62
61
6
2
63
24
7
3
62
45
1
58
62
6
52
5
7
5
6
57
56
16
5
61
33
55
10
7
55
60
4
62
22
31
62
61
2
56
63
63
62
14
23
2
60
7
60
60
24
13
62
62
62
16
32
62
6
21
6
4
21
30
34
35
63
52
2
14
1
59
7
55
6
16
45
39
61
62
6
60
0
6
7
39
59
5
11
60
7
7
39
55
32
15
62
7
6
62
6
16
36
61
62
60
4
7
63
11
4
31
15
31
47
6
63
63
21
7
25
60
7
21
31
62
5
61
54
23
6
1
47
21
3
7
47
62
62
35
5
11
2
61
22
23
29
16
62
62
62
5
4
2
62
60
4
30
62
41
31
23
60
31
20
62
7
1
32
5
7
59
55
15
6
6
60
0
22
63
4
62
17
52
62
51
63
60
6
7
62
61
6
6
5
6
16
62
62
62
52
7
60
2
6
43
63
16
7
39
43
62
47
6
62
6
5
59
59
6
1
4
11
59
62
5
61
4
59
55
47
40
7
46
1
55
3
31
23
62
55
7
33
12
62
5
0
7
6
51
62
23
0
40
5
3
61
24
15
59
34
5
4
55
60
8
23
61
0
59
35
4
6
7
39
6
59
59
62
62
10
41
52
55
47
6
62
7
49
59
62
61
62
6
62
44
20
23
40
52
38
6
15
4
62
61
6
2
63
24
7
3
62
45
1
58
62
6
52
5
7
5
6
57
56
16
5
61
33
55
10
7
55
60
4
62
22
31
62
61
2
56
63
63
62
14
23
2
60
7
60
60
24
13
62
62
62
16
32
62
6
21
6
4
21
30
34
35
63
52
2
14
1
59
7
55
6
16
45
39
61
62
6
60
0
6
7
39
59
5
11
60
7
7
39
55
32
15
62
7
6
62
6
16
36
61
62
60
4
7
63
11
4
31
15
31
47
6
63
63
21
7
25
60
7
21
31
62
5
61
54
23
6
1
47
21
3
7
47
62
62
35
5
11
2
61
22
23
29
16
62
62
62
5
4
2
62
60
4
30
62
41
31
23
60
31
20
62
7
1
32
5
7
59
55
15
6
6
60
0
22
63
4
62
17
52
62
51
63
60
6
7
62
61
6
6
5
6
16
62
62
62
52
7
60
2
6
43
63
16
7
39
43
62
47
6
62
6
5
59
59
6
1
4
11
59
62
5
61
4
59
55
47
40
7
46
1
55
3
31
23
62
55
7
33
12
62
5
0
7
6
51
62
23
0
40
5
3
61
24
15
59
34
5
4
55
60
8
23
61
0
59
35
4
6
7
39
6
59
59
62
62
10
41
52
55
47
6
62
7
49
59
62
61
62
6
62
44
20
23
40
52
38
6
15
4
62
61
6
2
63
24
7
3
62
45
1
58
62
6
52
5
7
5
6
57
56
16
5
61
33
55
10
7
55
60
4
62
22
31
62
61
2
56
63
63
62
14
23
2
60
7
60
60
24
13
62
62
62
16
32
62
6
21
6
4
21
30
34
35
63
52
2
14
1
59
7
55
6
16
45
39
61
62
6
60
0
6
7
39
59
5
11
60
7
7
39
55
32
15
62
7
6
62
6
16
36
61
62
60
4
7
63
11
4
31
15
31
47
6
63
63
21
7
25
60
7
21
31
62
5
61
54
23
6
1
47
21
3
7
47
62
62
35
5
11
2
61
22
23
29
16
62
62
62
5
4
2
62
60
4
30
62
41
31
23
60
31
20
62
7
1
32
5
7
59
55
15
6
6
60
0
22
63
4
62
17
52
62
51
63
60
6
7
62
61
6
6
5
6
16
62
62
62
52
7
60
2
6
43
63
16
7
39
43
62
47
6
62
6
5
59
59
6
1
4
11
59
62
5
61
4
59
55
47
40
7
46
1
55
3
31
23
62
55
7
33
12
62
5
0
7
6
51
62
23
0
40
5
3
61
24
15
59
34
5
4
55
60
8
23
61
0
59
35
4
6
7
39
6
59
59
62
62
10
41
52
55
47
6
62
7
49
59
62
61
62
6
62
44
20
23
40
52
38
6
15
4
62
61
6
2
63
24
7
3
62
45
1
58
62
6
52
5
7
5
6
57
56
16
5
61
33
55
10
7
55
60
4
62
22
31
62
61
2
56
63
63
62
14
23
2
60
7
60
60
24
13
62
62
62
16
32
62
6
21
6
4
21
30
34
35
63
52
2
14
1
59
7
55
6
16
45
39
61
62
6
60
0
6
7
39
59
5
11
60
7
7
39
55
32
15
62
7
6
62
6
16
36
61
62
60
4
7
63
11
4
31
15
31
47
6
63
63
21
7
25
60
7
21
31
62
5
61
54
23
6
1
47
21
3
7
47
62
62
35
5
11
2
61
22
23
29
16
62
62
62
5
4
2
62
60
4
30
62
41
31
23
60
31
20
62
7
1
32
5
7
59
55
15
6
6
60
0
22
63
4
62
17
52
62
51
63
60
6
7
62
61
6
6
5
6
16
62
62
62
52
7
60
2
6
43
63
16
7
39
43
62
47
6
62
6
5
59
59
6
1
4
11
59
62
5
61
4
59
55
47
40
7
46
1
55
3
31
23
62
55
7
33
12
62
5
0
7
6
51
62
23
0
40
5
3
61
24
15
59
34
5
4
55
60
8
23
61
0
59
35
4
6
7
39
6
59
59
62
62
10
41
52
55
47
6
62
7
49
59
62
61
62
6
62
44
20
23
40
52
38
6
15
4
62
61
6
2
63
24
7
3
62
45
1
58
62
6
52
5
7
5
6
57
56
16
5
61
61
61
33
61
33
33
33
55
55
10
55
10
55
10
10
7
7
7
7
55
55
55
55
60
60
60
4
62
60
4
4
62
62
4
22
62
22
22
22
31
31
31
62
31
62
62
62
61
61
61
2
61
2
2
2
56
56
56
63
56
63
63
63
63
63
63
63
62
62
62
14
14
14
62
14
23
23
23
23
2
2
2
2
60
60
60
60
7
60
7
7
60
60
7
60
60
60
60
60
24
24
24
24
13
13
13
13
62
62
62
62
62
62
62
62
62
62
62
62
16
16
16
16
32
32
32
32
62
62
62
62
6
6
6
6
21
21
6
21
6
6
21
6
4
4
4
4
21
21
21
21
30
30
30
34
34
34
30
35
35
35
34
35
63
63
63
63
52
52
52
52
2
2
2
14
14
14
2
14
1
1
1
59
59
59
1
59
7
7
7
7
55
55
55
6
6
6
55
6
16
16
16
16
45
45
45
45
39
39
39
39
61
61
61
61
62
62
62
6
62
6
6
60
60
60
6
60
0
0
0
0
6
6
6
6
7
7
7
7
39
39
39
39
59
59
59
59
5
5
5
11
11
11
5
11
60
60
60
60
7
7
7
7
7
7
7
39
39
39
7
39
55
55
55
32
32
32
55
32
15
15
15
15
62
62
62
62
7
7
7
7
6
6
6
62
62
62
6
6
6
6
62
6
16
16
16
16
36
36
36
36
61
61
61
61
62
62
60
62
60
60
62
60
4
4
4
4
7
7
7
7
63
63
63
63
11
11
11
4
11
4
4
4
31
31
31
31
15
15
15
31
31
31
15
31
47
47
47
6
6
47
6
6
63
63
63
63
63
63
63
21
63
21
21
7
21
7
7
25
25
25
7
60
25
60
60
60
7
7
7
7
21
21
21
21
31
31
31
31
62
62
5
62
5
5
62
5
61
61
61
61
54
54
54
23
23
54
23
6
6
23
6
6
1
1
1
1
47
47
47
47
21
21
21
3
3
3
21
7
7
3
7
7
47
47
47
47
62
62
62
62
62
62
62
35
35
35
62
35
5
5
5
5
11
11
11
11
2
2
2
2
61
61
61
22
22
61
22
22
23
23
23
29
29
23
29
29
16
16
16
62
62
62
16
62
62
62
62
62
62
62
5
5
62
62
5
4
4
2
2
5
4
2
4
2
62
62
62
60
60
62
4
4
60
4
60
4
30
30
30
30
62
62
62
41
41
62
41
31
31
31
41
31
23
23
23
23
60
60
60
60
31
31
31
31
20
20
20
20
62
62
62
7
7
7
62
1
1
1
7
32
1
32
32
5
5
5
32
7
7
7
5
59
59
59
7
55
55
55
59
55
15
6
15
15
6
6
15
6
6
6
6
6
60
60
0
60
0
0
22
60
0
63
22
22
22
63
63
63
4
4
4
4
62
17
62
62
17
17
52
52
52
62
62
62
62
17
52
51
62
51
51
51
63
63
63
63
60
60
60
6
60
6
6
7
7
7
6
7
62
62
62
61
62
61
6
61
6
6
6
6
6
61
6
6
5
5
5
6
6
6
5
6
16
62
16
16
62
62
62
16
62
62
62
62
52
62
62
52
52
62
62
52
7
7
7
60
60
60
7
2
2
2
60
2
6
6
6
43
43
43
6
43
63
63
63
16
16
16
63
7
7
7
16
7
39
39
39
43
43
43
39
43
62
62
62
62
47
47
47
6
6
6
47
62
62
6
62
6
6
6
62
6
5
5
5
5
59
59
59
59
59
6
59
59
6
6
1
59
1
1
6
4
11
4
4
1
11
11
59
62
59
59
4
62
62
11
59
62
5
61
5
5
5
61
4
61
59
61
55
4
59
4
4
55
59
59
55
55
47
47
40
47
40
47
40
40
7
7
7
46
7
46
46
46
1
1
1
1
55
3
55
55
3
3
55
3
31
31
31
23
23
23
62
31
62
62
23
55
55
62
7
55
7
7
55
33
7
33
33
33
12
12
12
62
12
62
5
62
5
62
5
5
0
7
0
0
7
7
0
6
7
6
6
51
62
6
51
51
62
62
51
62
23
23
23
0
23
0
0
40
0
40
40
5
40
5
5
3
5
61
3
3
61
61
3
61
24
24
24
15
24
59
15
15
15
59
59
34
59
34
34
34
5
5
5
4
5
4
4
55
4
60
55
55
60
55
8
60
60
8
8
8
23
23
23
23
61
61
61
61
0
59
0
0
0
59
59
59
35
35
4
4
35
35
4
6
4
6
6
6
7
7
39
39
7
7
39
39
6
6
59
59
6
6
59
59
59
59
59
59
62
62
62
62
62
10
62
62
10
10
41
62
10
41
41
41
52
52
52
55
47
52
55
55
47
47
55
47
6
62
6
6
62
62
6
7
62
7
7
49
7
49
49
59
49
59
59
59
62
62
62
61
62
62
61
61
62
62
6
61
62
6
6
6
62
62
62
62
44
44
44
44
20
23
20
20
40
23
23
52
40
40
20
38
23
52
52
38
38
40
52
38
6
15
6
6
4
15
15
4
4
6
15
4
62
62
62
62
61
61
61
61
6
6
6
6
2
2
63
24
7
2
2
63
3
62
24
7
63
63
45
3
24
24
62
7
7
45
3
3
1
62
62
58
45
45
62
1
6
58
52
1
1
62
5
58
6
58
52
7
62
62
6
5
6
52
52
7
5
5
7
7
5
5
5
5
6
6
6
6
57
57
57
57
56
16
56
56
56
16
16
16
5
5
5
5
61
61
61
61
33
33
33
55
55
33
55
10
10
10
55
10
7
7
7
7
55
55
55
55
60
60
60
4
62
4
4
60
62
62
22
4
22
22
62
22
31
31
31
62
62
62
31
62
61
61
61
2
2
2
61
56
2
56
56
63
63
56
63
63
63
63
63
63
62
62
62
14
14
14
62
14
23
23
23
2
2
2
23
2
60
60
60
7
7
60
60
60
7
60
7
60
60
60
60
60
24
24
24
24
13
62
13
13
62
62
13
62
62
62
62
62
62
62
62
62
16
16
16
16
32
32
32
32
62
62
62
62
6
6
21
6
6
6
21
6
21
21
6
6
4
4
4
4
21
21
21
21
30
34
35
30
30
30
34
34
34
35
35
35
63
63
63
63
52
52
52
52
2
2
2
14
14
14
2
1
14
1
1
59
59
59
1
7
7
59
7
7
55
55
6
6
55
6
55
6
16
16
16
45
45
16
45
45
39
39
39
39
61
61
61
62
62
61
62
6
6
60
60
62
6
60
6
60
0
0
0
0
6
6
6
6
7
7
7
7
39
39
39
39
59
59
59
59
5
5
5
11
11
11
5
11
60
60
60
60
7
7
7
7
7
7
39
39
7
7
39
55
55
39
32
32
55
55
15
15
32
32
15
15
62
62
62
62
7
7
6
62
6
62
6
7
7
6
6
6
62
62
6
6
16
16
36
36
16
16
36
61
36
61
62
61
60
61
62
62
60
4
60
62
60
4
4
7
4
7
7
7
63
63
63
11
63
11
11
4
11
4
4
4
31
31
31
31
15
31
15
15
15
31
31
31
47
47
47
6
47
6
6
6
63
63
63
63
63
63
63
21
63
21
21
21
7
7
7
25
7
25
25
60
25
60
60
60
7
7
7
7
21
21
21
21
31
31
31
31
62
62
5
5
62
62
5
5
61
61
61
61
54
54
54
54
23
23
23
6
6
23
6
6
1
1
1
1
47
47
47
47
21
3
21
7
3
21
21
7
3
3
7
7
47
47
62
47
47
62
62
62
62
35
62
35
62
62
5
35
35
5
11
5
5
11
11
11
2
2
61
2
22
2
61
61
61
22
22
23
22
29
23
23
23
29
29
16
29
62
16
16
62
62
62
16
62
62
5
62
62
4
62
2
62
62
5
62
5
5
4
4
2
62
2
4
2
60
4
62
62
62
60
60
4
30
4
60
4
30
30
62
30
41
31
62
62
62
41
41
31
41
31
31
23
23
60
23
23
60
60
60
31
31
31
31
20
20
20
20
62
62
62
62
7
7
1
1
7
1
7
1
32
32
32
5
5
32
5
7
7
5
7
59
7
59
59
55
59
55
55
55
15
6
15
6
15
6
15
6
6
6
6
6
60
60
0
60
0
22
0
60
22
0
22
22
63
63
63
63
4
4
4
4
62
17
52
62
17
62
62
17
62
52
17
62
52
52
51
62
62
51
51
63
51
63
63
60
63
6
60
7
60
60
6
6
7
7
6
7
62
61
62
62
6
6
62
61
61
6
6
6
6
61
6
6
5
6
5
5
6
6
16
62
5
6
62
16
16
62
62
62
52
16
62
62
62
62
62
52
52
62
7
62
60
52
7
2
7
60
60
7
2
60
2
2
6
6
6
43
43
43
6
43
63
63
63
16
16
63
16
7
7
7
16
7
39
39
39
43
43
43
39
43
62
62
62
62
47
47
47
6
6
6
47
62
62
62
6
6
6
6
62
6
5
5
5
5
59
59
59
59
59
59
59
6
6
6
1
1
59
1
6
4
4
11
11
4
1
11
59
59
62
59
4
62
11
62
59
62
5
5
5
5
61
61
61
61
4
4
4
59
59
55
55
59
4
55
59
55
47
47
40
47
40
40
47
40
7
46
7
7
7
46
1
46
46
1
1
1
55
3
55
55
31
3
3
23
55
62
3
31
31
55
23
23
7
62
62
31
33
23
55
55
7
62
7
33
55
33
7
33
12
62
5
12
12
12
62
62
0
5
5
7
62
5
6
0
0
7
7
51
62
0
6
6
7
51
51
6
62
62
51
62
23
23
23
0
0
0
23
40
40
40
0
5
40
5
5
3
3
61
5
3
61
61
3
61
24
24
24
15
24
15
15
59
59
59
15
34
34
34
59
34
5
5
5
4
4
5
4
55
4
55
55
60
60
60
8
55
8
8
60
8
23
23
23
23
61
61
61
61
0
0
0
59
0
59
59
59
35
4
35
35
4
4
6
35
6
6
4
6
7
39
7
7
39
39
7
39
6
59
6
6
59
59
59
59
59
6
59
62
59
62
62
62
62
10
41
62
62
10
10
62
52
41
41
10
55
47
41
52
52
55
55
52
47
47
55
6
47
62
7
6
6
62
62
49
6
62
7
7
59
7
49
49
49
62
59
59
61
62
59
62
62
61
61
62
62
62
61
6
62
6
6
6
62
62
62
62
44
44
44
44
20
20
20
23
23
23
40
40
40
52
52
52
38
38
20
38
23
40
52
6
6
6
15
15
38
15
4
4
4
6
15
4
62
62
62
62
61
61
61
61
6
6
6
6
2
63
24
7
2
2
3
2
62
63
45
63
63
24
24
7
24
7
7
3
1
3
62
58
3
62
62
45
45
62
45
6
52
1
5
1
58
1
58
7
58
62
62
6
52
62
6
52
6
52
5
5
5
7
5
7
7
6
5
5
5
6
57
6
6
56
16
57
57
57
5
56
56
56
16
16
16
5
5
61
33
5
55
10
61
61
61
33
33
33
55
55
7
55
10
10
10
55
7
7
7
60
55
4
55
62
55
22
60
60
60
4
4
62
62
4
62
22
22
22
31
62
31
31
31
61
62
62
62
2
56
63
61
61
61
2
2
2
63
56
56
56
63
63
63
62
14
63
63
63
62
62
62
14
14
14
23
2
23
23
23
2
60
2
2
7
60
60
60
60
7
60
7
60
7
60
60
24
60
60
60
13
62
24
24
24
62
62
13
13
13
62
62
62
62
62
62
16
62
62
62
16
16
16
32
62
32
32
32
6
62
62
62
21
6
6
6
6
21
21
21
6
6
6
4
4
4
4
21
30
34
21
35
21
21
30
30
34
30
34
35
34
63
35
35
63
63
52
63
52
52
52
2
14
1
59
7
2
2
2
55
14
14
14
6
1
1
1
59
59
59
16
7
7
7
55
55
55
6
6
45
6
16
16
16
45
45
45
39
39
39
39
61
62
6
60
61
61
61
0
62
62
62
6
6
60
60
6
60
6
0
0
0
6
6
6
7
39
7
7
7
39
39
39
59
5
11
59
59
59
5
5
60
11
11
5
11
60
60
60
7
7
7
7
7
39
55
7
7
32
39
7
39
15
39
55
55
32
32
55
32
15
62
15
15
62
7
62
62
6
62
6
7
7
7
6
6
62
62
6
6
6
62
6
16
36
16
16
16
61
36
36
36
62
60
61
61
61
4
62
62
60
60
62
7
60
4
4
4
7
7
7
63
11
63
4
63
11
63
11
11
4
4
4
31
15
31
31
31
31
15
15
31
15
31
31
47
6
47
47
63
47
6
6
6
63
63
63
21
63
63
7
63
63
25
21
21
21
60
7
7
7
25
25
25
60
60
7
60
7
7
7
21
31
21
21
21
31
62
31
31
5
62
61
62
5
62
5
5
54
61
61
23
61
6
54
54
54
23
23
1
23
6
6
6
1
1
47
1
47
47
47
21
3
7
21
3
21
21
3
3
7
47
7
7
62
47
47
47
62
62
62
62
35
62
62
35
62
5
35
35
11
5
5
5
11
11
11
2
61
2
22
2
2
61
61
61
22
23
22
22
29
23
23
23
29
16
29
29
62
16
16
62
62
62
62
16
5
62
62
62
4
62
2
62
5
5
62
4
62
4
2
62
2
5
4
60
2
4
62
62
60
60
62
4
30
4
60
4
30
30
62
30
41
31
62
62
41
62
31
41
31
41
31
23
23
23
60
23
60
60
60
31
31
31
31
20
20
20
20
62
7
1
62
62
62
7
7
32
1
7
1
5
1
7
32
32
32
5
59
5
5
7
7
55
7
59
59
59
55
55
55
15
6
15
15
6
6
15
6
6
60
6
6
0
6
22
60
60
0
60
0
63
22
0
22
22
63
63
4
63
4
4
4
62
17
52
62
62
62
17
17
62
17
52
52
51
52
62
62
62
51
63
51
51
63
60
63
6
63
7
60
60
6
60
7
6
7
6
62
7
61
62
6
62
6
61
62
61
6
6
6
6
61
6
5
6
6
5
5
6
6
5
6
16
16
62
62
16
62
62
62
16
62
62
62
62
52
52
62
62
52
62
52
7
7
60
7
60
60
2
7
2
60
2
2
6
43
6
6
43
6
43
43
63
16
63
7
63
63
16
16
16
7
7
39
7
43
39
39
39
43
43
43
62
62
62
62
47
6
47
62
47
47
6
6
6
6
62
62
62
6
6
6
5
5
5
5
59
59
59
59
59
6
59
59
59
6
1
6
6
4
1
1
11
1
59
4
4
11
4
62
11
11
59
59
59
62
62
62
5
5
5
5
61
61
61
61
4
59
4
4
4
55
59
59
59
55
55
55
47
40
47
47
47
40
40
40
7
7
7
46
7
46
46
46
1
1
1
1
55
3
55
55
3
3
55
31
3
23
31
31
62
23
23
62
62
31
55
7
23
55
55
62
7
7
33
55
33
33
7
33
12
12
12
62
62
12
62
5
5
62
5
5
0
0
7
0
7
7
0
6
6
7
6
51
51
6
62
62
51
62
51
62
23
23
0
23
23
0
40
0
0
40
40
40
5
5
5
3
5
61
3
3
3
61
61
61
24
24
24
24
15
15
59
15
15
59
59
34
59
34
34
34
5
5
5
5
4
4
4
4
55
55
60
55
55
60
60
8
60
8
8
8
23
23
23
23
61
61
61
61
0
0
0
0
59
59
59
59
35
35
4
4
35
4
35
6
6
4
6
6
7
7
39
39
7
39
7
39
6
59
6
59
59
6
59
59
6
59
59
59
62
62
62
62
62
10
62
62
10
41
10
62
10
41
41
41
52
52
55
52
47
55
52
47
55
47
55
47
6
62
6
6
62
62
7
6
62
7
7
49
7
49
49
49
59
59
59
59
62
62
62
62
61
61
62
62
61
62
61
62
6
6
6
6
62
62
62
62
44
44
44
44
20
23
20
23
20
40
20
52
23
40
23
52
38
40
38
40
52
52
38
38
6
6
15
4
15
6
4
6
15
15
4
4
62
62
62
62
61
61
61
61
6
6
6
6
2
2
2
2
63
63
24
7
24
63
63
7
3
24
62
24
7
3
7
62
45
3
3
62
45
62
45
45
1
1
58
58
1
62
1
6
58
62
52
58
6
52
62
62
5
6
52
6
52
7
5
7
5
5
7
7
5
5
5
5
6
6
6
6
57
57
57
57
56
16
56
56
16
56
16
16
5
5
5
5
61
33
61
55
61
33
33
10
61
55
55
33
10
10
55
10
7
7
7
55
7
55
55
55
60
4
62
60
60
22
4
4
62
62
60
22
22
4
62
22
31
62
31
31
62
62
31
62
61
61
2
61
61
2
2
2
56
56
63
56
56
63
63
63
63
63
63
63
62
14
62
62
62
14
14
14
23
23
2
23
23
2
2
2
60
60
60
60
7
60
7
60
7
60
7
60
60
60
60
60
24
24
24
24
13
62
13
62
13
62
62
13
62
62
62
62
62
62
62
62
16
16
16
16
32
32
32
32
62
62
62
62
6
6
6
6
21
6
21
6
21
6
21
6
4
4
4
4
21
21
21
21
30
34
35
30
30
34
34
30
35
34
35
63
35
63
63
63
52
52
52
52
2
14
2
14
1
2
59
14
1
2
7
59
1
14
59
7
1
55
7
6
59
55
6
7
55
16
6
45
16
55
6
16
16
45
45
45
39
39
39
39
61
61
61
61
62
62
62
6
60
62
6
6
60
60
6
60
0
0
0
0
6
6
6
6
7
7
7
7
39
39
39
39
59
59
59
59
5
5
5
5
11
11
11
11
60
60
60
60
7
7
7
7
7
7
7
39
7
39
39
39
55
55
55
32
55
32
32
32
15
15
15
15
62
62
62
62
7
7
7
7
6
6
62
6
62
62
6
6
6
62
6
6
16
16
16
16
36
36
36
36
61
61
61
61
62
62
62
60
60
60
62
60
4
4
4
4
7
7
7
7
63
63
63
63
11
11
11
4
4
4
11
4
31
15
31
31
31
31
15
15
15
31
31
31
47
6
47
47
47
6
6
6
63
63
63
63
63
21
63
63
63
7
21
21
21
25
7
7
7
25
25
25
60
60
60
60
7
7
7
7
21
21
21
21
31
31
31
31
62
62
62
5
5
5
62
5
61
61
61
61
54
54
54
54
23
23
23
23
6
6
6
6
1
1
1
1
47
47
47
47
21
21
21
3
3
21
3
3
7
7
7
7
47
47
47
47
62
62
62
62
62
62
62
35
35
35
62
35
5
5
5
5
11
11
11
11
2
2
2
2
61
61
61
61
22
22
22
22
23
23
23
23
29
29
29
29
16
16
62
62
16
62
16
62
62
62
62
62
62
5
62
5
62
5
4
4
62
2
2
4
5
2
4
2
62
62
62
60
60
4
62
4
60
4
60
4
30
30
30
30
62
62
62
41
41
31
62
41
31
31
41
31
23
23
23
23
60
60
60
60
31
31
31
31
20
20
20
20
62
62
62
62
7
7
7
1
1
1
7
1
32
32
32
5
5
32
5
7
7
5
7
59
7
59
59
59
55
55
55
55
15
6
15
6
15
6
15
6
6
6
6
6
60
60
0
60
0
60
22
0
22
0
22
22
63
63
63
63
4
4
4
4
62
62
17
17
62
17
52
52
62
17
62
52
62
62
52
62
51
51
51
51
63
63
63
63
60
60
60
60
6
6
7
7
6
7
6
7
62
62
62
61
62
6
61
6
6
61
6
6
61
6
6
6
5
5
6
5
6
6
5
6
16
62
16
62
62
16
16
62
62
62
52
62
62
62
62
52
62
62
52
52
7
60
7
7
2
60
7
60
60
2
2
2
6
43
6
6
43
6
43
43
63
63
16
63
63
7
16
16
16
7
7
7
39
39
39
39
43
43
43
43
62
62
62
62
47
47
47
6
47
6
6
62
6
62
6
62
6
62
6
6
5
5
5
5
59
59
59
59
59
6
59
59
59
6
6
6
1
1
1
4
1
11
4
4
59
11
11
4
62
11
59
59
62
59
62
62
5
5
5
5
61
61
61
61
4
4
4
59
4
55
59
59
55
55
59
55
47
40
47
47
40
40
47
40
7
7
7
46
7
46
46
46
1
1
1
1
55
55
3
55
3
55
3
3
31
31
31
23
23
31
23
62
62
23
62
55
62
55
7
7
55
7
55
33
7
33
33
33
12
12
12
12
62
62
62
5
62
5
0
5
5
7
0
6
7
0
0
7
51
7
6
62
6
51
6
62
51
51
62
62
23
0
23
23
40
0
23
0
40
0
40
40
5
5
5
5
3
61
3
3
61
61
3
61
24
24
24
24
15
15
15
59
15
59
59
59
34
34
34
34
5
5
5
5
4
4
4
4
55
55
55
60
55
60
60
60
8
8
8
8
23
23
23
23
61
61
61
61
0
0
0
0
59
59
59
59
35
35
4
35
4
35
4
4
6
6
6
6
7
7
39
39
7
7
39
39
6
59
6
6
59
59
59
59
59
6
59
59
62
62
62
62
62
62
10
62
10
10
62
41
41
10
41
41
52
52
52
55
55
47
52
55
47
47
55
47
6
6
62
62
6
62
6
7
62
7
7
7
49
49
49
49
59
59
59
62
59
61
62
62
62
62
61
62
61
6
62
61
62
6
6
6
62
62
62
62
44
44
44
44
20
23
20
23
20
20
40
23
23
52
40
52
40
38
40
52
38
52
38
38
6
6
15
4
15
6
6
4
15
15
4
4
62
62
62
62
61
61
61
61
6
6
6
6
2
2
2
2
63
63
63
24
24
63
7
7
24
24
7
3
3
7
62
62
3
3
62
45
45
62
45
45
1
1
58
1
58
1
58
62
58
62
6
6
62
52
52
62
6
52
6
52
5
5
7
5
7
5
7
7
5
5
5
5
6
6
6
6
57
57
57
57
56
56
56
16
16
56
16
16
5
5
5
5
61
33
55
10
7
55
60
4
62
22
31
62
61
2
56
63
63
62
14
23
2
60
7
60
60
24
13
62
62
62
16
32
62
6
21
6
4
21
30
34
35
63
52
2
14
1
59
7
55
6
16
45
39
61
62
6
60
0
6
7
39
59
5
11
60
7
7
39
55
32
15
62
7
6
62
6
16
36
61
62
60
4
7
63
11
4
31
15
31
47
6
63
63
21
7
25
60
7
21
31
62
5
61
54
23
6
1
47
21
3
7
47
62
62
35
5
11
2
61
22
23
29
16
62
62
62
5
4
2
62
60
4
30
62
41
31
23
60
31
20
62
7
1
32
5
7
59
55
15
6
6
60
0
22
63
4
62
17
52
62
51
63
60
6
7
62
61
6
6
5
6
16
62
62
62
52
7
60
2
6
43
63
16
7
39
43
62
47
6
62
6
5
59
59
6
1
4
11
59
62
5
61
4
59
55
47
40
7
46
1
55
3
31
23
62
55
7
33
12
62
5
0
7
6
51
62
23
0
40
5
3
61
24
15
59
34
5
4
55
60
8
23
61
0
59
35
4
6
7
39
6
59
59
62
62
10
41
52
55
47
6
62
7
49
59
62
61
62
6
62
44
20
23
40
52
38
6
15
4
62
61
6
2
63
24
7
3
62
45
1
58
62
6
52
5
7
5
6
57
56
16
5
61
33
55
10
7
55
60
4
62
22
31
62
61
2
56
63
63
62
14
23
2
60
7
60
60
24
13
62
62
62
16
32
62
6
21
6
4
21
30
34
35
63
52
2
14
1
59
7
55
6
16
45
39
61
62
6
60
0
6
7
39
59
5
11
60
7
7
39
55
32
15
62
7
6
62
6
16
36
61
62
60
4
7
63
11
4
31
15
31
47
6
63
63
21
7
25
60
7
21
31
62
5
61
54
23
6
1
47
21
3
7
47
62
62
35
5
11
2
61
22
23
29
16
62
62
62
5
4
2
62
60
4
30
62
41
31
23
60
31
20
62
7
1
32
5
7
59
55
15
6
6
60
0
22
63
4
62
17
52
62
51
63
60
6
7
62
61
6
6
5
6
16
62
62
62
52
7
60
2
6
43
63
16
7
39
43
62
47
6
62
6
5
59
59
6
1
4
11
59
62
5
61
4
59
55
47
40
7
46
1
55
3
31
23
62
55
7
33
12
62
5
0
7
6
51
62
23
0
40
5
3
61
24
15
59
34
5
4
55
60
8
23
61
0
59
35
4
6
7
39
6
59
59
62
62
10
41
52
55
47
6
62
7
49
59
62
61
62
6
62
44
20
23
40
52
38
6
15
4
62
61
6
2
63
24
7
3
62
45
1
58
62
6
52
5
7
5
6
57
56
16
5
61
33
55
10
7
55
60
4
62
22
31
62
61
2
56
63
63
62
14
23
2
60
7
60
60
24
13
62
62
62
16
32
62
6
21
6
4
21
30
34
35
63
52
2
14
1
59
7
55
6
16
45
39
61
62
6
60
0
6
7
39
59
5
11
60
7
7
39
55
32
15
62
7
6
62
6
16
36
61
62
60
4
7
63
11
4
31
15
31
47
6
63
63
21
7
25
60
7
21
31
62
5
61
54
23
6
1
47
21
3
7
47
62
62
35
5
11
2
61
22
23
29
16
62
62
62
5
4
2
62
60
4
30
62
41
31
23
60
31
20
62
7
1
32
5
7
59
55
15
6
6
60
0
22
63
4
62
17
52
62
51
63
60
6
7
62
61
6
6
5
6
16
62
62
62
52
7
60
2
6
43
63
16
7
39
43
62
47
6
62
6
5
59
59
6
1
4
11
59
62
5
61
4
59
55
47
40
7
46
1
55
3
31
23
62
55
7
33
12
62
5
0
7
6
51
62
23
0
40
5
3
61
24
15
59
34
5
4
55
60
8
23
61
0
59
35
4
6
7
39
6
59
59
62
62
10
41
52
55
47
6
62
7
49
59
62
61
62
6
62
44
20
23
40
52
38
6
15
4
62
61
6
2
63
24
7
3
62
45
1
58
62
6
52
5
7
5
6
57
56
16
5
61
33
55
10
7
55
60
4
62
22
31
62
61
2
56
63
63
62
14
23
2
60
7
60
60
24
13
62
62
62
16
32
62
6
21
6
4
21
30
34
35
63
52
2
14
1
59
7
55
6
16
45
39
61
62
6
60
0
6
7
39
59
5
11
60
7
7
39
55
32
15
62
7
6
62
6
16
36
61
62
60
4
7
63
11
4
31
15
31
47
6
63
63
21
7
25
60
7
21
31
62
5
61
54
23
6
1
47
21
3
7
47
62
62
35
5
11
2
61
22
23
29
16
62
62
62
5
4
2
62
60
4
30
62
41
31
23
60
31
20
62
7
1
32
5
7
59
55
15
6
6
60
0
22
63
4
62
17
52
62
51
63
60
6
7
62
61
6
6
5
6
16
62
62
62
52
7
60
2
6
43
63
16
7
39
43
62
47
6
62
6
5
59
59
6
1
4
11
59
62
5
61
4
59
55
47
40
7
46
1
55
3
31
23
62
55
7
33
12
62
5
0
7
6
51
62
23
0
40
5
3
61
24
15
59
34
5
4
55
60
8
23
61
0
59
35
4
6
7
39
6
59
59
62
62
10
41
52
55
47
6
62
7
49
59
62
61
62
6
62
44
20
23
40
52
38
6
15
4
62
61
6
2
63
24
7
3
62
45
1
58
62
6
52
5
7
5
6
57
56
16
5
61
33
55
10
7
55
60
4
62
22
31
62
61
2
56
63
63
62
14
23
2
60
7
60
60
24
13
62
62
62
16
32
62
6
21
6
4
21
30
34
35
63
52
2
14
1
59
7
55
6
16
45
39
61
62
6
60
0
6
7
39
59
5
11
60
7
7
39
55
32
15
62
7
6
62
6
16
36
61
62
60
4
7
63
11
4
31
15
31
47
6
63
63
21
7
25
60
7
21
31
62
5
61
54
23
6
1
47
21
3
7
47
62
62
35
5
11
2
61
22
23
29
16
62
62
62
5
4
2
62
60
4
30
62
41
31
23
60
31
20
62
7
1
32
5
7
59
55
15
6
6
60
0
22
63
4
62
17
52
62
51
63
60
6
7
62
61
6
6
5
6
16
62
62
62
52
7
60
2
6
43
63
16
7
39
43
62
47
6
62
6
5
59
59
6
1
4
11
59
62
5
61
4
59
55
47
40
7
46
1
55
3
31
23
62
55
7
33
12
62
5
0
7
6
51
62
23
0
40
5
3
61
24
15
59
34
5
4
55
60
8
23
61
0
59
35
4
6
7
39
6
59
59
62
62
10
41
52
55
47
6
62
7
49
59
62
61
62
6
62
44
20
23
40
52
38
6
15
4
62
61
6
2
63
24
7
3
62
45
1
58
62
6
52
5
7
5
6
57
56
16
5
61
33
55
10
7
55
60
4
62
22
31
62
61
2
56
63
63
62
14
23
2
60
7
60
60
24
13
62
62
62
16
32
62
6
21
6
4
21
30
34
35
63
52
2
14
1
59
7
55
6
16
45
39
61
62
6
60
0
6
7
39
59
5
11
60
7
7
39
55
32
15
62
7
6
62
6
16
36
61
62
60
4
7
63
11
4
31
15
31
47
6
63
63
21
7
25
60
7
21
31
62
5
61
54
23
6
1
47
21
3
7
47
62
62
35
5
11
2
61
22
23
29
16
62
62
62
5
4
2
62
60
4
30
62
41
31
23
60
31
20
62
7
1
32
5
7
59
55
15
6
6
60
0
22
63
4
62
17
52
62
51
63
60
6
7
62
61
6
6
5
6
16
62
62
62
52
7
60
2
6
43
63
16
7
39
43
62
47
6
62
6
5
59
59
6
1
4
11
59
62
5
61
4
59
55
47
40
7
46
1
55
3
31
23
62
55
7
33
12
62
5
0
7
6
51
62
23
0
40
5
3
61
24
15
59
34
5
4
55
60
8
23
61
0
59
35
4
6
7
39
6
59
59
62
62
10
41
52
55
47
6
62
7
49
59
62
61
62
6
62
44
20
23
40
52
38
6
15
4
62
61
6
2
63
24
7
3
62
45
1
58
62
6
52
5
7
5
6
57
56
16
5
61
33
55
10
7
55
60
4
62
22
31
62
61
2
56
63
63
62
14
23
2
60
7
60
60
24
13
62
62
62
16
32
62
6
21
6
4
21
30
34
35
63
52
2
14
1
59
7
55
6
16
45
39
61
62
6
60
0
6
7
39
59
5
11
60
7
7
39
55
32
15
62
7
6
62
6
16
36
61
62
60
4
7
63
11
4
31
15
31
47
6
63
63
21
7
25
60
7
21
31
62
5
61
54
23
6
1
47
21
3
7
47
62
62
35
5
11
2
61
22
23
29
16
62
62
62
5
4
2
62
60
4
30
62
41
31
23
60
31
20
62
7
1
32
5
7
59
55
15
6
6
60
0
22
63
4
62
17
52
62
51
63
60
6
7
62
61
6
6
5
6
16
62
62
62
52
7
60
2
6
43
63
16
7
39
43
62
47
6
62
6
5
59
59
6
1
4
11
59
62
5
61
4
59
55
47
40
7
46
1
55
3
31
23
62
55
7
33
12
62
5
0
7
6
51
62
23
0
40
5
3
61
24
15
59
34
5
4
55
60
8
23
61
0
59
35
4
6
7
39
6
59
59
62
62
10
41
52
55
47
6
62
7
49
59
62
61
62
6
62
44
20
23
40
52
38
6
15
4
62
61
6
2
63
24
7
3
62
45
1
58
62
6
52
5
7
5
6
57
56
16
5
61
33
55
10
7
55
60
4
62
22
31
62
61
2
56
63
63
62
14
23
2
60
7
60
60
24
13
62
62
62
16
32
62
6
21
6
4
21
30
34
35
63
52
2
14
1
59
7
55
6
16
45
39
61
62
6
60
0
6
7
39
59
5
11
60
7
7
39
55
32
15
62
7
6
62
6
16
36
61
62
60
4
7
63
11
4
31
15
31
47
6
63
63
21
7
25
60
7
21
31
62
5
61
54
23
6
1
47
21
3
7
47
62
62
35
5
11
2
61
22
23
29
16
62
62
62
5
4
2
62
60
4
30
62
41
31
23
60
31
20
62
7
1
32
5
7
59
55
15
6
6
60
0
22
63
4
62
17
52
62
51
63
60
6
7
62
61
6
6
5
6
16
62
62
62
52
7
60
2
6
43
63
16
7
39
43
62
47
6
62
6
5
59
59
6
1
4
11
59
62
5
61
4
59
55
47
40
7
46
1
55
3
31
23
62
55
7
33
12
62
5
0
7
6
51
62
23
0
40
5
3
61
24
15
59
34
5
4
55
60
8
23
61
0
59
35
4
6
7
39
6
59
59
62
62
10
41
52
55
47
6
62
7
49
59
62
61
62
6
62
44
20
23
40
52
38
6
15
4
62
61
6
2
63
24
7
3
62
45
1
58
62
6
52
5
7
5
6
57
56
16
5
61
33
55
10
7
55
60
4
62
22
31
62
61
2
56
63
63
62
14
23
2
60
7
60
60
24
13
62
62
62
16
32
62
6
21
6
4
21
30
34
35
63
52
2
14
1
59
7
55
6
16
45
39
61
62
6
60
0
6
7
39
59
5
11
60
7
7
39
55
32
15
62
7
6
62
6
16
36
61
62
60
4
7
63
11
4
31
15
31
47
6
63
63
21
7
25
60
7
21
31
62
5
61
54
23
6
1
47
21
3
7
47
62
62
35
5
11
2
61
22
23
29
16
62
62
62
5
4
2
62
60
4
30
62
41
31
23
60
31
20
62
7
1
32
5
7
59
55
15
6
6
60
0
22
63
4
62
17
52
62
51
63
60
6
7
62
61
6
6
5
6
16
62
62
62
52
7
60
2
6
43
63
16
7
39
43
62
47
6
62
6
5
59
59
6
1
4
11
59
62
5
61
4
59
55
47
40
7
46
1
55
3
31
23
62
55
7
33
12
62
5
0
7
6
51
62
23
0
40
5
3
61
24
15
59
34
5
4
55
60
8
23
61
0
59
35
4
6
7
39
6
59
59
62
62
10
41
52
55
47
6
62
7
49
59
62
61
62
6
62
44
20
23
40
52
38
6
15
4
62
61
6
2
63
24
7
3
62
45
1
58
62
6
52
5
7
5
6
57
56
16
5
61
33
55
10
7
55
60
4
62
22
31
62
61
2
56
63
63
62
14
23
2
60
7
60
60
24
13
62
62
62
16
32
62
6
21
6
4
21
30
34
35
63
52
2
14
1
59
7
55
6
16
45
39
61
62
6
60
0
6
7
39
59
5
11
60
7
7
39
55
32
15
62
7
6
62
6
16
36
61
62
60
4
7
63
11
4
31
15
31
47
6
63
63
21
7
25
60
7
21
31
62
5
61
54
23
6
1
47
21
3
7
47
62
62
35
5
11
2
61
22
23
29
16
62
62
62
5
4
2
62
60
4
30
62
41
31
23
60
31
20
62
7
1
32
5
7
59
55
15
6
6
60
0
22
63
4
62
17
52
62
51
63
60
6
7
62
61
6
6
5
6
16
62
62
62
52
7
60
2
6
43
63
16
7
39
43
62
47
6
62
6
5
59
59
6
1
4
11
59
62
5
61
4
59
55
47
40
7
46
1
55
3
31
23
62
55
7
33
12
62
5
0
7
6
51
62
23
0
40
5
3
61
24
15
59
34
5
4
55
60
8
23
61
0
59
35
4
6
7
39
6
59
59
62
62
10
41
52
55
47
6
62
7
49
59
62
61
62
6
62
44
20
23
40
52
38
6
15
4
62
61
6
2
63
24
7
3
62
45
1
58
62
6
52
5
7
5
6
57
56
16
5
61
33
55
10
7
55
60
4
62
22
31
62
61
2
56
63
63
62
14
23
2
60
7
60
60
24
13
62
62
62
16
32
62
6
21
6
4
21
30
34
35
63
52
2
14
1
59
7
55
6
16
45
39
61
62
6
60
0
6
7
39
59
5
11
60
7
7
39
55
32
15
62
7
6
62
6
16
36
61
62
60
4
7
63
11
4
31
15
31
47
6
63
63
21
7
25
60
7
21
31
62
5
61
54
23
6
1
47
21
3
7
47
62
62
35
5
11
2
61
22
23
29
16
62
62
62
5
4
2
62
60
4
30
62
41
31
23
60
31
20
62
7
1
32
5
7
59
55
15
6
6
60
0
22
63
4
62
17
52
62
51
63
60
6
7
62
61
6
6
5
6
16
62
62
62
52
7
60
2
6
43
63
16
7
39
43
62
47
6
62
6
5
59
59
6
1
4
11
59
62
5
61
4
59
55
47
40
7
46
1
55
3
31
23
62
55
7
33
12
62
5
0
7
6
51
62
23
0
40
5
3
61
24
15
59
34
5
4
55
60
8
23
61
0
59
35
4
6
7
39
6
59
59
62
62
10
41
52
55
47
6
62
7
49
59
62
61
62
6
62
44
20
23
40
52
38
6
15
4
62
61
6
2
63
24
7
3
62
45
1
58
62
6
52
5
7
5
6
57
56
16
5
61
33
55
10
7
55
60
4
62
22
31
62
61
2
56
63
63
62
14
23
2
60
7
60
60
24
13
62
62
62
16
32
62
6
21
6
4
21
30
34
35
63
52
2
14
1
59
7
55
6
16
45
39
61
62
6
60
0
6
7
39
59
5
11
60
7
7
39
55
32
15
62
7
6
62
6
16
36
61
62
60
4
7
63
11
4
31
15
31
47
6
63
63
21
7
25
60
7
21
31
62
5
61
54
23
6
1
47
21
3
7
47
62
62
35
5
11
2
61
22
23
29
16
62
62
62
5
4
2
62
60
4
30
62
41
31
23
60
31
20
62
7
1
32
5
7
59
55
15
6
6
60
0
22
63
4
62
17
52
62
51
63
60
6
7
62
61
6
6
5
6
16
62
62
62
52
7
60
2
6
43
63
16
7
39
43
62
47
6
62
6
5
59
59
6
1
4
11
59
62
5
61
4
59
55
47
40
7
46
1
55
3
31
23
62
55
7
33
12
62
5
0
7
6
51
62
23
0
40
5
3
61
24
15
59
34
5
4
55
60
8
23
61
0
59
35
4
6
7
39
6
59
59
62
62
10
41
52
55
47
6
62
7
49
59
62
61
62
6
62
44
20
23
40
52
38
6
15
4
62
61
6
2
63
24
7
3
62
45
1
58
62
6
52
5
7
5
6
57
56
16
5
61
33
55
10
7
55
60
4
62
22
31
62
61
2
56
63
63
62
14
23
2
60
7
60
60
24
13
62
62
62
16
32
62
6
21
6
4
21
30
34
35
63
52
2
14
1
59
7
55
6
16
45
39
61
62
6
60
0
6
7
39
59
5
11
60
7
7
39
55
32
15
62
7
6
62
6
16
36
61
62
60
4
7
63
11
4
31
15
31
47
6
63
63
21
7
25
60
7
21
31
62
5
61
54
23
6
1
47
21
3
7
47
62
62
35
5
11
2
61
22
23
29
16
62
62
62
5
4
2
62
60
4
30
62
41
31
23
60
31
20
62
7
1
32
5
7
59
55
15
6
6
60
0
22
63
4
62
17
52
62
51
63
60
6
7
62
61
6
6
5
6
16
62
62
62
52
7
60
2
6
43
63
16
7
39
43
62
47
6
62
6
5
59
59
6
1
4
11
59
62
5
61
4
59
55
47
40
7
46
1
55
3
31
23
62
55
7
33
12
62
5
0
7
6
51
62
23
0
40
5
3
61
24
15
59
34
5
4
55
60
8
23
61
0
59
35
4
6
7
39
6
59
59
62
62
10
41
52
55
47
6
62
7
49
59
62
61
62
6
62
44
20
23
40
52
38
6
15
4
62
61
6
2
63
24
7
3
62
45
1
58
62
6
52
5
7
5
6
57
56
16
5
61
33
55
10
7
55
60
4
62
22
31
62
61
2
56
63
63
62
14
23
2
60
7
60
60
24
13
62
62
62
16
32
62
6
21
6
4
21
30
34
35
63
52
2
14
1
59
7
55
6
16
45
39
61
62
6
60
0
6
7
39
59
5
11
60
7
7
39
55
32
15
62
7
6
62
6
16
36
61
62
60
4
7
63
11
4
31
15
31
47
6
63
63
21
7
25
60
7
21
31
62
5
61
54
23
6
1
47
21
3
7
47
62
62
35
5
11
2
61
22
23
29
16
62
62
62
5
4
2
62
60
4
30
62
41
31
23
60
31
20
62
7
1
32
5
7
59
55
15
6
6
60
0
22
63
4
62
17
52
62
51
63
60
6
7
62
61
6
6
5
6
16
62
62
62
52
7
60
2
6
43
63
16
7
39
43
62
47
6
62
6
5
59
59
6
1
4
11
59
62
5
61
4
59
55
47
40
7
46
1
55
3
31
23
62
55
7
33
12
62
5
0
7
6
51
62
23
0
40
5
3
61
24
15
59
34
5
4
55
60
8
23
61
0
59
35
4
6
7
39
6
59
59
62
62
10
41
52
55
47
6
62
7
49
59
62
61
62
6
62
44
20
23
40
52
38
6
15
4
62
61
6
2
63
24
7
3
62
45
1
58
62
6
52
5
7
5
6
57
56
16
5
61
33
55
10
7
55
60
4
62
22
31
62
61
2
56
63
63
62
14
23
2
60
7
60
60
24
13
62
62
62
16
32
62
6
21
6
4
21
30
34
35
63
52
2
14
1
59
7
55
6
16
45
39
61
62
6
60
0
6
7
39
59
5
11
60
7
7
39
55
32
15
62
7
6
62
6
16
36
61
62
60
4
7
63
11
4
31
15
31
47
6
63
63
21
7
25
60
7
21
31
62
5
61
54
23
6
1
47
21
3
7
47
62
62
35
5
11
2
61
22
23
29
16
62
62
62
5
4
2
62
60
4
30
62
41
31
23
60
31
20
62
7
1
32
5
7
59
55
15
6
6
60
0
22
63
4
62
17
52
62
51
63
60
6
7
62
61
6
6
5
6
16
62
62
62
52
7
60
2
6
43
63
16
7
39
43
62
47
6
62
6
5
59
59
6
1
4
11
59
62
5
61
4
59
55
47
40
7
46
1
55
3
31
23
62
55
7
33
12
62
5
0
7
6
51
62
23
0
40
5
3
61
24
15
59
34
5
4
55
60
8
23
61
0
59
35
4
6
7
39
6
59
59
62
62
10
41
52
55
47
6
62
7
49
59
62
61
62
6
62
44
20
23
40
52
38
6
15
4
62
61
6
2
63
24
7
3
62
45
1
58
62
6
52
5
7
5
6
57
56
16
5
61
33
55
10
7
55
60
4
62
22
31
62
61
2
56
63
63
62
14
23
2
60
7
60
60
24
13
62
62
62
16
32
62
6
21
6
4
21
30
34
35
63
52
2
14
1
59
7
55
6
16
45
39
61
62
6
60
0
6
7
39
59
5
11
60
7
7
39
55
32
15
62
7
6
62
6
16
36
61
62
60
4
7
63
11
4
31
15
31
47
6
63
63
21
7
25
60
7
21
31
62
5
61
54
23
6
1
47
21
3
7
47
62
62
35
5
11
2
61
22
23
29
16
62
62
62
5
4
2
62
60
4
30
62
41
31
23
60
31
20
62
7
1
32
5
7
59
55
15
6
6
60
0
22
63
4
62
17
52
62
51
63
60
6
7
62
61
6
6
5
6
16
62
62
62
52
7
60
2
6
43
63
16
7
39
43
62
47
6
62
6
5
59
59
6
1
4
11
59
62
5
61
4
59
55
47
40
7
46
1
55
3
31
23
62
55
7
33
12
62
5
0
7
6
51
62
23
0
40
5
3
61
24
15
59
34
5
4
55
60
8
23
61
0
59
35
4
6
7
39
6
59
59
62
62
10
41
52
55
47
6
62
7
49
59
62
61
62
6
62
44
20
23
40
52
38
6
15
4
62
61
6
2
63
24
7
3
62
45
1
58
62
6
52
5
7
5
6
57
56
16
5
61
61
33
61
33
61
33
33
55
55
10
55
10
55
10
10
7
7
7
7
55
55
55
55
60
60
60
4
60
62
4
62
4
4
62
62
22
22
22
22
31
31
31
31
62
62
62
62
61
61
2
61
61
2
2
2
56
56
56
63
56
63
63
63
63
63
63
63
62
62
62
14
62
14
14
14
23
23
23
23
2
2
2
2
60
60
60
60
7
7
60
60
7
7
60
60
60
60
60
60
24
24
24
24
13
13
13
62
62
13
62
62
62
62
62
62
62
62
62
62
16
16
16
16
32
32
32
32
62
62
62
62
6
6
6
6
21
21
21
6
6
21
6
6
4
4
4
4
21
21
21
21
30
30
30
34
34
34
30
35
35
35
34
35
63
63
63
63
52
52
52
52
2
2
2
14
14
14
2
14
1
1
1
59
59
59
1
59
7
7
7
7
55
55
55
6
6
6
55
6
16
16
16
16
45
45
45
45
39
39
39
39
61
61
61
61
62
62
62
62
6
6
60
60
6
60
6
60
0
0
0
0
6
6
6
6
7
7
7
7
39
39
39
39
59
59
59
59
5
5
5
11
11
11
5
11
60
60
60
60
7
7
7
7
7
7
7
39
39
39
7
39
55
55
55
32
32
32
55
32
15
15
15
15
62
62
62
62
7
7
7
6
6
6
62
7
62
62
6
6
6
6
62
6
16
16
16
16
36
36
36
36
61
61
61
61
62
62
62
60
60
60
62
60
4
4
4
4
7
7
7
7
63
63
63
63
11
11
11
4
4
4
11
4
31
31
31
31
15
15
15
31
31
31
15
31
47
47
47
47
6
6
6
6
63
63
63
63
63
63
63
63
21
21
21
21
7
7
7
25
25
25
7
25
60
60
60
60
7
7
7
7
21
21
21
21
31
31
31
31
62
62
62
5
5
5
62
5
61
61
61
61
54
54
54
54
23
23
23
23
6
6
6
6
1
1
1
1
47
47
47
47
21
21
21
21
3
3
3
3
7
7
7
7
47
47
47
47
62
62
62
62
62
62
62
35
35
62
35
35
5
5
5
5
11
11
11
11
2
2
2
2
61
61
61
61
22
22
22
22
23
23
23
23
29
29
29
29
16
16
16
16
62
62
62
62
62
62
62
62
62
62
62
62
5
5
5
5
4
4
4
2
2
2
4
2
62
62
62
62
60
60
60
4
4
60
4
4
30
30
30
30
62
62
62
62
41
41
41
31
31
41
31
31
23
23
23
23
60
60
60
60
31
31
31
31
20
20
20
20
62
62
62
62
7
7
7
7
1
1
1
1
32
32
32
5
5
32
5
5
7
7
7
7
59
59
59
59
55
55
55
55
15
6
15
15
6
6
15
6
6
6
6
6
60
60
60
0
0
0
22
60
22
22
0
22
63
63
63
63
4
4
4
4
62
17
62
62
17
17
52
62
52
52
17
62
62
62
52
62
51
51
51
51
63
63
63
63
60
60
60
60
6
6
7
6
7
7
6
7
62
62
62
62
61
6
61
61
6
6
6
6
61
6
6
6
5
6
5
5
6
6
5
6
16
62
16
16
62
62
16
62
62
62
62
62
52
62
62
62
52
52
62
52
7
60
7
7
7
60
60
2
60
2
2
2
6
43
6
6
6
43
43
43
63
63
63
16
63
16
16
7
16
7
7
7
39
39
39
43
39
43
43
43
62
62
62
62
47
47
47
47
6
6
6
62
6
62
6
62
6
6
62
6
5
5
5
5
59
59
59
59
59
59
6
59
6
6
59
6
1
1
1
1
4
11
4
11
4
11
4
59
11
59
62
59
62
62
59
62
5
5
5
5
61
61
61
61
4
4
4
59
59
4
55
55
59
59
55
55
47
47
47
40
40
40
47
40
7
7
7
7
46
46
46
46
1
1
1
1
55
3
55
55
3
55
3
3
31
31
23
31
31
23
62
23
23
62
62
55
62
7
55
55
7
55
7
7
33
33
33
33
12
12
12
12
62
62
5
62
62
5
5
5
0
0
7
0
0
7
7
6
7
6
6
51
6
62
51
51
62
51
62
62
23
23
23
0
23
0
0
40
0
40
40
40
5
5
5
5
3
61
3
3
61
3
61
61
24
24
24
24
15
15
15
59
15
59
59
59
34
34
34
34
5
5
5
5
4
4
4
4
55
55
55
60
60
55
60
60
8
8
8
8
23
23
23
23
61
61
61
61
0
0
0
0
59
59
59
59
35
35
4
4
35
35
4
4
6
6
6
6
7
7
39
39
7
7
39
39
6
6
59
59
6
6
59
59
59
59
59
59
62
62
62
62
62
62
62
10
10
62
10
10
41
41
41
41
52
52
52
52
55
55
47
55
47
55
47
47
6
6
62
62
6
6
62
62
7
7
7
7
49
49
49
49
59
59
59
59
62
62
62
62
61
61
62
62
61
61
62
62
6
6
6
6
62
62
62
62
44
44
44
44
20
20
23
23
20
20
40
23
23
52
40
52
40
40
38
52
52
38
38
38
6
6
6
15
15
6
4
4
15
15
4
4
62
62
62
62
61
61
61
61
6
6
6
6
2
2
2
2
63
63
63
63
24
24
24
7
7
7
24
3
7
3
3
62
62
62
3
62
45
45
45
45
1
1
1
58
1
58
58
58
62
62
62
6
6
6
52
62
52
52
6
52
5
5
5
7
7
5
7
7
5
5
5
5
6
6
6
6
57
57
57
57
56
56
56
16
56
16
16
16
5
5
5
5
61
61
61
33
33
61
33
33
55
55
55
10
55
10
10
10
7
7
7
7
55
55
55
55
60
60
60
60
4
4
4
62
62
62
4
62
22
22
22
22
31
31
31
31
62
62
62
62
61
61
61
2
61
2
2
2
56
56
56
56
63
63
63
63
63
63
63
63
62
62
62
14
62
14
14
14
23
23
23
23
2
2
2
2
60
60
60
60
7
60
7
7
60
60
7
60
60
60
60
60
24
24
24
24
13
62
13
13
62
62
13
62
62
62
62
62
62
62
62
62
16
16
16
16
32
32
32
32
62
62
62
62
6
6
6
6
21
6
21
21
6
6
21
6
4
4
4
4
21
21
21
21
30
34
30
30
35
34
34
30
35
35
34
35
63
63
63
63
52
52
52
52
2
14
2
2
2
14
14
14
1
59
1
1
1
59
59
7
59
7
7
7
55
6
55
55
55
6
6
6
16
45
16
16
16
45
45
45
39
39
39
39
61
61
62
61
61
62
6
60
62
62
6
60
0
6
6
60
60
0
0
0
6
6
6
6
7
39
7
7
7
39
39
39
59
59
59
59
5
11
5
5
5
11
11
11
60
60
60
60
7
7
7
7
7
7
39
39
7
55
39
7
55
32
32
39
55
55
15
32
15
32
15
15
62
62
62
62
7
7
6
62
6
7
6
62
7
6
6
62
6
6
62
6
16
16
36
16
36
16
36
61
36
61
61
62
61
60
62
60
62
4
60
62
4
60
7
4
7
4
7
7
63
63
63
11
63
11
4
4
11
11
4
4
31
31
15
31
31
15
31
31
15
15
31
31
47
47
6
6
47
47
63
6
6
63
63
63
63
63
21
21
63
63
7
25
7
21
21
25
60
7
7
60
25
25
60
60
7
7
7
7
21
21
31
21
21
31
31
31
62
5
62
5
62
62
61
5
5
61
54
61
54
61
23
54
23
54
6
6
23
23
6
1
6
1
1
1
47
47
47
47
21
21
3
3
21
7
21
7
3
3
7
7
47
47
47
62
47
62
62
62
62
62
35
35
62
35
62
35
5
5
11
5
11
5
11
11
2
2
61
2
61
2
22
61
22
61
22
22
23
23
29
23
29
23
29
29
16
16
62
62
16
62
16
62
62
62
62
62
62
62
5
5
62
5
4
62
4
2
2
4
5
2
4
2
62
62
62
60
60
62
4
4
60
4
60
4
30
30
30
30
62
62
62
41
41
31
62
31
41
31
41
31
23
23
23
60
60
23
60
60
31
31
31
31
20
20
20
62
20
62
62
7
7
62
7
1
1
7
1
32
32
1
5
32
5
7
5
7
32
7
59
5
59
7
59
55
55
55
59
55
15
6
15
6
15
6
15
6
6
6
6
60
6
60
0
0
22
60
22
0
22
60
63
0
63
22
63
4
63
4
4
4
62
17
62
17
62
17
52
52
62
52
62
62
17
62
52
51
51
62
51
51
63
63
63
63
60
60
60
6
6
60
6
7
7
7
6
7
62
62
62
62
61
61
6
6
61
6
6
6
6
61
6
6
5
5
6
5
6
6
5
16
6
16
62
16
62
62
62
16
62
62
62
62
62
52
52
62
52
62
62
52
7
7
7
60
60
60
7
2
2
2
60
6
2
43
6
6
43
43
6
43
63
63
63
16
16
63
7
7
16
16
7
7
39
39
43
43
39
39
43
43
62
62
62
62
47
47
47
47
6
6
62
6
6
62
6
6
62
62
6
6
5
5
5
5
59
59
59
59
59
6
59
6
59
1
6
59
1
6
4
1
11
4
1
11
59
4
62
59
11
62
4
11
59
62
59
62
5
5
5
5
61
61
61
61
4
4
59
59
4
55
55
4
59
55
59
55
47
47
40
40
47
40
47
40
7
7
7
46
46
7
46
46
1
1
1
1
55
55
3
3
55
3
55
3
31
31
31
23
23
31
23
62
62
23
62
55
55
62
7
7
55
7
55
33
33
7
33
33
12
12
12
62
12
62
5
62
5
62
5
5
0
0
7
0
7
0
7
6
7
6
6
51
62
6
51
51
62
62
51
62
23
23
23
23
0
0
0
0
40
40
40
40
5
5
5
5
3
3
3
61
61
61
3
61
24
24
24
24
15
15
15
59
15
59
59
59
34
34
34
34
5
5
5
5
4
4
4
4
55
55
55
60
55
60
60
60
8
8
8
8
23
23
23
23
61
61
61
61
0
0
0
0
59
59
59
59
35
35
4
35
4
4
35
6
6
4
6
6
7
7
39
39
7
39
7
39
6
6
59
59
6
59
59
6
59
59
59
59
62
62
62
62
62
62
62
10
10
10
62
41
10
41
41
41
52
52
52
55
55
47
52
55
47
47
55
47
6
62
6
6
62
62
6
7
62
7
7
7
49
49
49
49
59
59
59
59
62
62
62
61
62
62
61
61
62
62
61
6
62
6
6
6
62
62
62
62
44
44
44
44
20
23
20
40
20
23
52
23
20
40
38
40
23
52
52
40
38
38
52
38
6
15
6
4
6
15
15
6
4
4
15
4
62
62
62
62
61
61
61
61
6
6
6
6
2
2
2
2
63
24
63
63
7
24
24
63
3
7
7
24
62
3
3
7
62
62
45
3
62
45
45
45
1
58
1
1
58
58
1
62
6
58
52
62
62
6
6
52
52
62
5
6
52
7
5
5
7
7
5
7
5
5
5
5
6
6
6
6
57
57
57
57
56
16
56
56
56
16
16
16
5
5
5
5
61
33
61
61
61
33
33
55
33
10
55
55
55
10
10
10
7
7
7
7
55
55
55
55
60
4
60
60
62
60
4
4
22
62
62
4
62
22
22
22
31
62
31
31
31
62
62
62
61
2
61
61
61
2
2
56
2
63
56
56
56
63
63
63
63
63
63
62
63
14
62
62
62
14
14
14
23
23
2
23
23
2
2
2
60
60
60
60
7
60
7
7
7
60
60
60
60
60
60
60
24
24
24
24
13
62
13
62
13
62
62
13
62
62
62
62
62
62
62
62
16
16
16
16
32
32
32
32
62
62
62
62
6
6
6
6
21
6
21
21
21
6
6
6
4
4
4
4
21
21
21
21
30
34
30
30
35
34
30
34
35
34
35
35
63
63
63
63
52
52
52
52
2
14
2
2
2
14
14
1
14
59
1
1
1
59
7
59
59
7
7
7
55
6
55
55
55
6
6
6
16
45
16
16
16
45
45
45
39
39
39
39
61
61
62
61
62
6
61
62
60
6
62
60
6
0
60
6
60
0
0
6
0
6
6
6
7
7
7
39
39
7
39
39
59
59
59
5
59
11
5
5
11
11
5
60
11
60
60
60
7
7
7
7
7
39
7
7
39
7
39
55
39
32
55
55
32
55
32
15
32
15
15
15
62
62
62
62
7
7
6
62
7
7
6
6
62
6
6
6
62
62
6
6
16
16
36
16
16
36
36
61
36
61
61
62
61
60
62
60
62
4
60
62
60
4
7
4
4
7
7
7
63
63
63
63
11
11
4
11
4
11
4
4
31
31
31
31
15
15
31
31
15
15
31
31
47
47
6
6
47
47
6
6
63
63
63
63
63
63
21
63
63
21
21
7
21
7
25
25
7
7
60
60
25
25
60
60
7
7
7
7
21
21
21
21
31
31
31
31
62
62
5
5
62
62
5
5
61
61
61
61
54
54
23
54
54
23
6
6
23
23
6
6
1
1
1
1
47
47
47
47
21
21
3
3
21
21
3
3
7
7
7
7
47
47
47
47
62
62
62
62
62
62
35
62
62
35
35
35
5
5
5
5
11
11
11
11
2
2
2
2
61
61
61
61
22
22
22
22
23
23
23
23
29
29
29
29
16
16
62
16
16
62
62
62
62
62
62
62
62
62
62
5
62
5
5
4
2
5
4
4
2
2
4
2
62
62
62
62
60
60
60
4
4
4
60
4
30
30
30
30
62
62
62
62
41
41
31
41
41
31
31
31
23
23
23
23
60
60
60
60
31
31
31
31
20
20
20
20
62
62
62
62
7
7
1
1
7
7
1
1
32
32
5
5
32
32
7
5
7
5
7
7
59
59
59
55
59
55
55
55
15
15
6
6
15
15
6
6
6
6
6
6
60
0
60
0
22
22
60
60
0
0
63
22
22
63
63
63
4
4
4
4
62
17
62
17
52
52
62
62
62
17
62
17
52
52
62
51
62
51
51
51
63
63
63
63
60
60
60
6
6
60
7
7
6
6
7
7
62
62
62
61
62
61
6
6
6
6
61
6
61
6
6
6
5
5
6
6
5
6
5
16
16
6
62
62
16
62
62
62
16
62
62
62
52
52
62
62
62
52
62
52
7
7
60
60
7
2
7
2
60
60
2
6
2
6
43
43
6
6
43
43
63
63
16
16
63
7
7
63
16
16
7
7
39
39
43
43
39
39
43
43
62
62
62
47
47
62
6
6
47
62
62
47
6
6
6
6
62
6
62
6
5
5
5
5
59
59
59
59
59
59
6
6
59
1
1
6
59
6
4
4
1
11
11
1
59
59
62
62
4
11
4
11
59
62
59
62
5
5
5
61
5
61
61
61
4
4
59
59
4
55
55
4
59
55
59
55
47
47
40
40
47
40
47
40
7
7
46
46
7
7
46
46
1
1
1
1
55
55
3
3
55
3
55
3
31
31
23
23
31
62
62
31
23
55
55
23
62
7
7
62
55
33
33
7
55
7
33
33
12
12
62
62
12
12
5
5
62
62
5
5
0
0
7
7
0
6
0
6
7
7
51
51
62
6
62
6
51
51
62
62
23
23
0
0
23
23
40
40
0
0
5
40
40
5
3
5
5
3
61
61
3
3
61
61
24
24
24
24
15
15
59
59
15
15
34
34
59
59
34
34
5
5
4
4
5
5
55
4
4
55
60
60
55
55
8
8
60
60
8
8
23
23
23
23
61
61
61
61
0
0
0
0
59
59
59
59
35
35
4
4
35
35
6
6
4
4
6
6
7
7
39
39
7
7
39
39
6
6
59
59
59
59
6
6
59
59
59
59
62
62
62
62
62
62
10
10
62
62
41
41
10
10
41
41
52
52
55
55
52
52
47
47
55
55
47
47
6
6
62
62
6
6
7
62
62
7
7
7
49
49
49
49
59
59
59
59
62
62
61
62
62
61
62
62
61
61
6
62
62
6
6
6
62
62
62
62
44
44
44
44
20
20
23
23
40
40
52
20
20
52
38
23
23
38
40
40
52
52
38
38
6
6
15
15
4
4
6
6
15
15
4
4
62
62
62
62
61
61
61
61
6
6
6
6
2
2
2
2
63
63
24
24
7
7
63
63
3
24
24
3
62
7
7
62
45
3
3
45
62
62
45
45
1
1
58
58
1
1
62
62
58
58
6
6
52
52
62
62
6
5
6
52
5
52
7
7
5
5
7
7
5
5
5
5
6
6
6
6
57
57
57
57
56
56
16
16
56
56
16
16
5
5
5
5
61
61
33
33
61
61
33
33
55
55
10
10
55
55
10
10
7
7
7
7
55
55
55
55
60
60
60
4
60
4
62
62
4
4
62
62
22
22
22
22
31
31
31
31
62
62
62
62
61
61
2
61
61
2
2
2
56
56
56
56
63
63
63
63
63
63
63
63
62
62
62
14
62
14
14
14
23
23
23
23
2
2
2
2
60
60
60
60
7
7
60
60
7
7
60
60
60
60
60
60
24
24
24
24
13
13
62
62
13
13
62
62
62
62
62
62
62
62
62
62
16
16
16
16
32
32
32
32
62
62
62
62
6
6
6
6
21
21
6
21
21
6
6
6
4
4
4
4
21
21
21
21
30
30
30
34
30
34
34
35
34
35
35
35
63
63
63
63
52
52
52
52
2
2
14
2
2
14
14
14
1
59
1
1
1
59
59
59
7
7
7
7
55
6
55
55
55
6
6
6
16
16
16
16
45
45
45
45
39
39
39
39
61
61
61
61
62
62
62
62
6
60
6
6
6
60
60
60
0
0
0
0
6
6
6
6
7
7
7
7
39
39
39
39
59
59
59
59
5
11
5
5
5
11
11
11
60
60
60
60
7
7
7
7
7
39
55
7
7
32
39
7
39
39
15
55
55
55
32
32
32
15
62
15
15
62
62
7
62
6
62
6
7
7
7
6
62
6
62
6
6
6
62
6
16
36
16
16
16
61
36
36
36
61
62
61
60
61
62
60
4
62
60
62
60
4
7
4
4
7
7
7
63
63
63
63
11
4
11
11
11
4
4
4
31
31
31
31
15
31
15
15
15
31
31
31
47
6
47
47
47
6
6
6
63
63
63
63
63
21
63
63
63
7
21
21
21
25
7
7
7
60
25
25
25
60
60
60
7
7
7
7
21
21
21
31
21
31
31
31
62
5
62
62
62
5
61
5
5
54
61
61
61
23
54
6
54
54
23
23
23
1
6
6
6
1
1
1
47
47
47
47
21
3
7
21
21
3
21
3
3
7
7
47
7
47
62
47
47
62
62
62
62
35
62
35
62
62
35
35
5
11
5
5
5
11
11
11
2
61
2
22
2
2
61
61
61
22
22
22
23
29
23
23
23
29
29
29
16
62
16
16
62
16
62
62
62
62
62
5
62
62
62
62
4
62
2
5
5
5
4
2
4
2
4
62
2
62
60
62
4
62
60
4
60
60
4
4
30
30
30
30
62
62
41
62
62
31
41
41
31
41
31
31
23
23
23
60
23
60
60
60
31
31
31
31
20
20
20
20
62
62
7
62
1
62
7
7
1
1
7
32
1
5
32
32
7
5
32
5
7
5
59
7
7
59
55
59
59
55
55
55
15
6
15
6
15
6
15
6
6
6
6
6
60
0
60
22
0
60
0
22
60
22
0
63
22
63
63
63
4
4
4
4
62
17
62
17
62
17
62
52
17
62
52
62
52
62
51
52
51
62
51
63
51
63
63
60
63
60
60
6
60
7
6
7
6
7
6
7
62
62
62
61
62
6
61
6
6
6
61
6
61
6
6
6
5
5
6
6
5
6
5
16
6
16
62
62
16
62
62
16
62
62
62
52
62
62
52
62
62
52
62
52
7
7
60
7
60
60
2
7
2
60
2
2
6
6
43
43
6
43
6
43
63
63
63
16
16
7
63
7
16
16
7
7
39
39
43
39
43
43
39
43
62
62
62
62
47
47
6
47
6
47
62
6
62
6
6
6
62
6
62
6
5
5
5
5
59
59
59
59
59
59
6
6
59
6
1
1
59
6
1
4
4
11
11
1
4
59
11
59
62
62
4
59
11
62
59
62
5
5
5
61
61
5
61
61
4
4
59
59
4
55
55
4
59
55
59
55
47
47
40
40
47
40
47
40
7
7
7
46
46
7
46
46
1
1
1
1
55
55
3
55
3
3
55
3
31
31
31
23
23
31
23
62
62
23
62
62
55
55
55
7
7
7
55
7
33
33
33
33
12
12
12
12
62
62
62
5
5
5
62
5
0
0
0
7
7
7
0
7
6
6
6
51
6
51
51
62
62
62
51
62
23
23
23
0
23
0
0
40
40
40
0
40
5
5
5
5
3
3
3
61
61
61
3
61
24
24
24
24
15
15
15
59
59
59
15
34
34
34
59
34
5
5
5
4
5
4
4
55
4
55
55
60
60
60
55
8
8
8
60
8
23
23
23
23
61
61
61
61
0
0
0
0
59
59
59
59
35
35
4
35
4
4
35
6
6
4
6
6
7
7
39
7
39
39
7
39
6
6
59
6
59
59
59
6
59
59
59
59
62
62
62
62
62
62
62
10
10
10
62
41
10
41
41
41
52
52
52
55
55
52
47
47
55
55
47
47
6
6
62
62
6
6
62
62
7
7
7
7
49
49
49
49
59
59
59
59
62
62
62
62
61
62
61
62
61
62
61
62
6
6
6
6
62
62
62
62
44
44
44
44
20
20
23
23
20
40
40
20
23
52
52
23
40
38
38
52
40
52
38
38
6
6
15
15
6
4
4
6
15
15
4
4
62
62
62
62
61
61
61
61
6
6
6
6
2
2
2
2
63
63
24
24
7
63
63
7
3
24
3
24
62
7
62
7
3
3
45
45
62
62
45
45
1
1
58
58
1
1
62
62
58
58
6
6
52
52
62
62
6
6
52
5
5
52
7
7
5
5
7
7
5
5
5
5
6
6
6
6
57
57
57
57
56
56
16
16
56
56
16
16
5
5
5
5
61
33
55
10
7
55
60
4
62
22
31
62
61
2
56
63
63
62
14
23
2
60
7
60
60
24
13
62
62
62
16
32
62
6
21
6
4
21
30
34
35
63
52
2
14
1
59
7
55
6
16
45
39
61
62
6
60
0
6
7
39
59
5
11
60
7
7
39
55
32
15
62
7
6
62
6
16
36
61
62
60
4
7
63
11
4
31
15
31
47
6
63
63
21
7
25
60
7
21
31
62
5
61
54
23
6
1
47
21
3
7
47
62
62
35
5
11
2
61
22
23
29
16
62
62
62
5
4
2
62
60
4
30
62
41
31
23
60
31
20
62
7
1
32
5
